

================================================================
== Vitis HLS Report for 'relu_array_ap_fixed_6u_array_ap_ufixed_8_2_4_0_0_6u_relu_config4_s'
================================================================
* Date:           Tue May 13 20:25:31 2025

* Version:        2022.2 (Build 3670227 on Oct 13 2022)
* Project:        myproject_prj
* Solution:       solution1 (Vivado IP Flow Target)
* Product family: kintexu
* Target device:  xcku035-fbva676-2-e


================================================================
== Performance Estimates
================================================================
+ Timing: 
    * Summary: 
    +--------+---------+----------+------------+
    |  Clock |  Target | Estimated| Uncertainty|
    +--------+---------+----------+------------+
    |ap_clk  |  5.00 ns|  3.303 ns|     0.62 ns|
    +--------+---------+----------+------------+

+ Latency: 
    * Summary: 
    +---------+---------+----------+----------+------+------+---------+
    |  Latency (cycles) |  Latency (absolute) |   Interval  | Pipeline|
    |   min   |   max   |    min   |    max   |  min |  max |   Type  |
    +---------+---------+----------+----------+------+------+---------+
    |     1939|     1939|  9.695 us|  9.695 us|  1939|  1939|       no|
    +---------+---------+----------+----------+------+------+---------+

    + Detail: 
        * Instance: 
        N/A

        * Loop: 
        +---------------+---------+---------+----------+-----------+-----------+------+----------+
        |               |  Latency (cycles) | Iteration|  Initiation Interval  | Trip |          |
        |   Loop Name   |   min   |   max   |  Latency |  achieved |   target  | Count| Pipelined|
        +---------------+---------+---------+----------+-----------+-----------+------+----------+
        |- ReLUActLoop  |     1937|     1937|         3|          1|          1|  1936|       yes|
        +---------------+---------+---------+----------+-----------+-----------+------+----------+

============================================================
+ Verbose Summary: Synthesis Manager
============================================================
InlineROM: 1
ExposeGlobal: 0
============================================================
+ Verbose Summary: CDFG Model
============================================================
IsTopModel: 0
ResetActiveHigh: 1
IsCombinational: 2
IsDatapathOnly: 0
HasWiredReturn: 1
HasMFsm: 2
HasVarLatency: 1
IsPipeline: 0
IsRtlPipelined: 0
IsInstanceOverlapped: 0
IsDontTouch: 0
HasImplIP: 0
IsGatedGlobalClock: 0

+ Individual pipeline summary: 
  * Pipeline-0: initiation interval (II) = 1, depth = 3


============================================================
+ Verbose Summary: Schedule
============================================================
* Number of FSM states : 3
* Pipeline : 1
  Pipeline-0 : II = 1, D = 3, States = { 1 2 3 }
* Dataflow Pipeline: 0

* FSM state transitions: 
1 --> 2 
2 --> 3 
3 --> 

* FSM state operations: 

State 1 <SV = 0> <Delay = 1.87>
ST_1 : Operation 6 [1/1] (0.00ns)   --->   "%i = alloca i32 1"   --->   Operation 6 'alloca' 'i' <Predicate = true> <Delay = 0.00>
ST_1 : Operation 7 [1/1] (0.00ns)   --->   "%specinterface_ln0 = specinterface void @_ssdm_op_SpecInterface, i48 %layer4_out, void @empty_2, i32 0, i32 0, void @empty_1, i32 0, i32 0, void @empty_1, void @empty_1, void @empty_1, i32 0, i32 0, i32 0, i32 0, void @empty_1, void @empty_1, i32 4294967295, i32 0"   --->   Operation 7 'specinterface' 'specinterface_ln0' <Predicate = true> <Delay = 0.00>
ST_1 : Operation 8 [1/1] (0.00ns)   --->   "%specinterface_ln0 = specinterface void @_ssdm_op_SpecInterface, i48 %layer2_out, void @empty_2, i32 0, i32 0, void @empty_1, i32 0, i32 0, void @empty_1, void @empty_1, void @empty_1, i32 0, i32 0, i32 0, i32 0, void @empty_1, void @empty_1, i32 4294967295, i32 0"   --->   Operation 8 'specinterface' 'specinterface_ln0' <Predicate = true> <Delay = 0.00>
ST_1 : Operation 9 [1/1] (0.53ns)   --->   "%store_ln41 = store i11 0, i11 %i" [firmware/nnet_utils/nnet_activation_stream.h:41]   --->   Operation 9 'store' 'store_ln41' <Predicate = true> <Delay = 0.53>
ST_1 : Operation 10 [1/1] (0.00ns)   --->   "%br_ln41 = br void %for.body4" [firmware/nnet_utils/nnet_activation_stream.h:41]   --->   Operation 10 'br' 'br_ln41' <Predicate = true> <Delay = 0.00>
ST_1 : Operation 11 [1/1] (0.00ns)   --->   "%i_1 = load i11 %i" [firmware/nnet_utils/nnet_activation_stream.h:41]   --->   Operation 11 'load' 'i_1' <Predicate = true> <Delay = 0.00>
ST_1 : Operation 12 [1/1] (0.89ns)   --->   "%icmp_ln41 = icmp_eq  i11 %i_1, i11 1936" [firmware/nnet_utils/nnet_activation_stream.h:41]   --->   Operation 12 'icmp' 'icmp_ln41' <Predicate = true> <Delay = 0.89> <CoreInst = "Cmp">   --->   Core 9 'Cmp' <Latency = 0> <II = 1> <Delay = 0.89> <FuncUnit> <Opcode : 'icmp'> <InPorts = 2> <OutPorts = 1>
ST_1 : Operation 13 [1/1] (0.00ns)   --->   "%empty = speclooptripcount i32 @_ssdm_op_SpecLoopTripCount, i64 1936, i64 1936, i64 1936"   --->   Operation 13 'speclooptripcount' 'empty' <Predicate = true> <Delay = 0.00>
ST_1 : Operation 14 [1/1] (1.33ns)   --->   "%i_2 = add i11 %i_1, i11 1" [firmware/nnet_utils/nnet_activation_stream.h:41]   --->   Operation 14 'add' 'i_2' <Predicate = true> <Delay = 1.33> <CoreInst = "Adder">   --->   Core 1 'Adder' <Latency = 0> <II = 1> <Delay = 1.33> <FuncUnit> <Opcode : 'add' 'sub'> <InPorts = 2> <OutPorts = 1>
ST_1 : Operation 15 [1/1] (0.00ns)   --->   "%br_ln41 = br i1 %icmp_ln41, void %for.body4.split, void %for.end15" [firmware/nnet_utils/nnet_activation_stream.h:41]   --->   Operation 15 'br' 'br_ln41' <Predicate = true> <Delay = 0.00>
ST_1 : Operation 16 [1/1] (0.53ns)   --->   "%store_ln41 = store i11 %i_2, i11 %i" [firmware/nnet_utils/nnet_activation_stream.h:41]   --->   Operation 16 'store' 'store_ln41' <Predicate = (!icmp_ln41)> <Delay = 0.53>

State 2 <SV = 1> <Delay = 3.30>
ST_2 : Operation 17 [1/1] (2.16ns)   --->   "%layer2_out_read = read i48 @_ssdm_op_Read.ap_fifo.volatile.i48P0A, i48 %layer2_out" [firmware/nnet_utils/nnet_activation_stream.h:44]   --->   Operation 17 'read' 'layer2_out_read' <Predicate = true> <Delay = 2.16> <CoreInst = "FIFO">   --->   Core 78 'FIFO' <Latency = 0> <II = 1> <Delay = 2.16> <Storage> <Opcode : 'read' 'write' 'nbread' 'nbwrite'> <Ports = 0> <Width = 48> <Depth = 1936> <FIFO>
ST_2 : Operation 18 [1/1] (0.00ns)   --->   "%out_data_data_22 = trunc i48 %layer2_out_read" [firmware/nnet_utils/nnet_activation_stream.h:44]   --->   Operation 18 'trunc' 'out_data_data_22' <Predicate = true> <Delay = 0.00>
ST_2 : Operation 19 [1/1] (0.00ns)   --->   "%trunc_ln45 = trunc i48 %layer2_out_read" [firmware/nnet_utils/nnet_activation_stream.h:45]   --->   Operation 19 'trunc' 'trunc_ln45' <Predicate = true> <Delay = 0.00>
ST_2 : Operation 20 [1/1] (0.00ns)   --->   "%out_data_data_24 = partselect i8 @_ssdm_op_PartSelect.i8.i48.i32.i32, i48 %layer2_out_read, i32 32, i32 39" [firmware/nnet_utils/nnet_activation_stream.h:44]   --->   Operation 20 'partselect' 'out_data_data_24' <Predicate = true> <Delay = 0.00>
ST_2 : Operation 21 [1/1] (0.00ns)   --->   "%in_data_data_16 = partselect i8 @_ssdm_op_PartSelect.i8.i48.i32.i32, i48 %layer2_out_read, i32 40, i32 47" [firmware/nnet_utils/nnet_activation_stream.h:44]   --->   Operation 21 'partselect' 'in_data_data_16' <Predicate = true> <Delay = 0.00>
ST_2 : Operation 22 [1/1] (0.00ns)   --->   "%in_data_data = partselect i8 @_ssdm_op_PartSelect.i8.i48.i32.i32, i48 %layer2_out_read, i32 8, i32 15" [firmware/nnet_utils/nnet_activation_stream.h:44]   --->   Operation 22 'partselect' 'in_data_data' <Predicate = true> <Delay = 0.00>
ST_2 : Operation 23 [1/1] (0.00ns)   --->   "%trunc_ln44_s = partselect i7 @_ssdm_op_PartSelect.i7.i48.i32.i32, i48 %layer2_out_read, i32 8, i32 14" [firmware/nnet_utils/nnet_activation_stream.h:44]   --->   Operation 23 'partselect' 'trunc_ln44_s' <Predicate = true> <Delay = 0.00>
ST_2 : Operation 24 [1/1] (0.00ns)   --->   "%out_data_data_23 = partselect i8 @_ssdm_op_PartSelect.i8.i48.i32.i32, i48 %layer2_out_read, i32 16, i32 23" [firmware/nnet_utils/nnet_activation_stream.h:44]   --->   Operation 24 'partselect' 'out_data_data_23' <Predicate = true> <Delay = 0.00>
ST_2 : Operation 25 [1/1] (0.00ns)   --->   "%trunc_ln45_4 = partselect i7 @_ssdm_op_PartSelect.i7.i48.i32.i32, i48 %layer2_out_read, i32 16, i32 22" [firmware/nnet_utils/nnet_activation_stream.h:45]   --->   Operation 25 'partselect' 'trunc_ln45_4' <Predicate = true> <Delay = 0.00>
ST_2 : Operation 26 [1/1] (0.00ns)   --->   "%in_data_data_15 = partselect i8 @_ssdm_op_PartSelect.i8.i48.i32.i32, i48 %layer2_out_read, i32 24, i32 31" [firmware/nnet_utils/nnet_activation_stream.h:44]   --->   Operation 26 'partselect' 'in_data_data_15' <Predicate = true> <Delay = 0.00>
ST_2 : Operation 27 [1/1] (0.00ns)   --->   "%trunc_ln44_48 = partselect i7 @_ssdm_op_PartSelect.i7.i48.i32.i32, i48 %layer2_out_read, i32 24, i32 30" [firmware/nnet_utils/nnet_activation_stream.h:44]   --->   Operation 27 'partselect' 'trunc_ln44_48' <Predicate = true> <Delay = 0.00>
ST_2 : Operation 28 [1/1] (0.00ns)   --->   "%trunc_ln45_5 = partselect i7 @_ssdm_op_PartSelect.i7.i48.i32.i32, i48 %layer2_out_read, i32 32, i32 38" [firmware/nnet_utils/nnet_activation_stream.h:45]   --->   Operation 28 'partselect' 'trunc_ln45_5' <Predicate = true> <Delay = 0.00>
ST_2 : Operation 29 [1/1] (0.00ns)   --->   "%trunc_ln44_49 = partselect i7 @_ssdm_op_PartSelect.i7.i48.i32.i32, i48 %layer2_out_read, i32 40, i32 46" [firmware/nnet_utils/nnet_activation_stream.h:44]   --->   Operation 29 'partselect' 'trunc_ln44_49' <Predicate = true> <Delay = 0.00>
ST_2 : Operation 30 [1/1] (0.78ns)   --->   "%icmp_ln1649 = icmp_sgt  i8 %out_data_data_22, i8 0"   --->   Operation 30 'icmp' 'icmp_ln1649' <Predicate = true> <Delay = 0.78> <CoreInst = "Cmp">   --->   Core 9 'Cmp' <Latency = 0> <II = 1> <Delay = 0.78> <FuncUnit> <Opcode : 'icmp'> <InPorts = 2> <OutPorts = 1>
ST_2 : Operation 31 [1/1] (0.35ns)   --->   "%out_data_data = select i1 %icmp_ln1649, i7 %trunc_ln45, i7 0" [firmware/nnet_utils/nnet_activation_stream.h:51]   --->   Operation 31 'select' 'out_data_data' <Predicate = true> <Delay = 0.35> <CoreInst = "Sel">   --->   Core 73 'Sel' <Latency = 0> <II = 1> <Delay = 0.35> <FuncUnit> <Opcode : 'select'> <InPorts = 3> <OutPorts = 1>
ST_2 : Operation 32 [1/1] (0.78ns)   --->   "%icmp_ln1649_98 = icmp_sgt  i8 %in_data_data, i8 0"   --->   Operation 32 'icmp' 'icmp_ln1649_98' <Predicate = true> <Delay = 0.78> <CoreInst = "Cmp">   --->   Core 9 'Cmp' <Latency = 0> <II = 1> <Delay = 0.78> <FuncUnit> <Opcode : 'icmp'> <InPorts = 2> <OutPorts = 1>
ST_2 : Operation 33 [1/1] (0.35ns)   --->   "%out_data_data_15 = select i1 %icmp_ln1649_98, i7 %trunc_ln44_s, i7 0" [firmware/nnet_utils/nnet_activation_stream.h:51]   --->   Operation 33 'select' 'out_data_data_15' <Predicate = true> <Delay = 0.35> <CoreInst = "Sel">   --->   Core 73 'Sel' <Latency = 0> <II = 1> <Delay = 0.35> <FuncUnit> <Opcode : 'select'> <InPorts = 3> <OutPorts = 1>
ST_2 : Operation 34 [1/1] (0.78ns)   --->   "%icmp_ln1649_99 = icmp_sgt  i8 %out_data_data_23, i8 0"   --->   Operation 34 'icmp' 'icmp_ln1649_99' <Predicate = true> <Delay = 0.78> <CoreInst = "Cmp">   --->   Core 9 'Cmp' <Latency = 0> <II = 1> <Delay = 0.78> <FuncUnit> <Opcode : 'icmp'> <InPorts = 2> <OutPorts = 1>
ST_2 : Operation 35 [1/1] (0.35ns)   --->   "%out_data_data_16 = select i1 %icmp_ln1649_99, i7 %trunc_ln45_4, i7 0" [firmware/nnet_utils/nnet_activation_stream.h:51]   --->   Operation 35 'select' 'out_data_data_16' <Predicate = true> <Delay = 0.35> <CoreInst = "Sel">   --->   Core 73 'Sel' <Latency = 0> <II = 1> <Delay = 0.35> <FuncUnit> <Opcode : 'select'> <InPorts = 3> <OutPorts = 1>
ST_2 : Operation 36 [1/1] (0.78ns)   --->   "%icmp_ln1649_100 = icmp_sgt  i8 %in_data_data_15, i8 0"   --->   Operation 36 'icmp' 'icmp_ln1649_100' <Predicate = true> <Delay = 0.78> <CoreInst = "Cmp">   --->   Core 9 'Cmp' <Latency = 0> <II = 1> <Delay = 0.78> <FuncUnit> <Opcode : 'icmp'> <InPorts = 2> <OutPorts = 1>
ST_2 : Operation 37 [1/1] (0.35ns)   --->   "%out_data_data_18 = select i1 %icmp_ln1649_100, i7 %trunc_ln44_48, i7 0" [firmware/nnet_utils/nnet_activation_stream.h:51]   --->   Operation 37 'select' 'out_data_data_18' <Predicate = true> <Delay = 0.35> <CoreInst = "Sel">   --->   Core 73 'Sel' <Latency = 0> <II = 1> <Delay = 0.35> <FuncUnit> <Opcode : 'select'> <InPorts = 3> <OutPorts = 1>
ST_2 : Operation 38 [1/1] (0.78ns)   --->   "%icmp_ln1649_101 = icmp_sgt  i8 %out_data_data_24, i8 0"   --->   Operation 38 'icmp' 'icmp_ln1649_101' <Predicate = true> <Delay = 0.78> <CoreInst = "Cmp">   --->   Core 9 'Cmp' <Latency = 0> <II = 1> <Delay = 0.78> <FuncUnit> <Opcode : 'icmp'> <InPorts = 2> <OutPorts = 1>
ST_2 : Operation 39 [1/1] (0.35ns)   --->   "%out_data_data_19 = select i1 %icmp_ln1649_101, i7 %trunc_ln45_5, i7 0" [firmware/nnet_utils/nnet_activation_stream.h:51]   --->   Operation 39 'select' 'out_data_data_19' <Predicate = true> <Delay = 0.35> <CoreInst = "Sel">   --->   Core 73 'Sel' <Latency = 0> <II = 1> <Delay = 0.35> <FuncUnit> <Opcode : 'select'> <InPorts = 3> <OutPorts = 1>
ST_2 : Operation 40 [1/1] (0.78ns)   --->   "%icmp_ln1649_102 = icmp_sgt  i8 %in_data_data_16, i8 0"   --->   Operation 40 'icmp' 'icmp_ln1649_102' <Predicate = true> <Delay = 0.78> <CoreInst = "Cmp">   --->   Core 9 'Cmp' <Latency = 0> <II = 1> <Delay = 0.78> <FuncUnit> <Opcode : 'icmp'> <InPorts = 2> <OutPorts = 1>
ST_2 : Operation 41 [1/1] (0.35ns)   --->   "%out_data_data_21 = select i1 %icmp_ln1649_102, i7 %trunc_ln44_49, i7 0" [firmware/nnet_utils/nnet_activation_stream.h:51]   --->   Operation 41 'select' 'out_data_data_21' <Predicate = true> <Delay = 0.35> <CoreInst = "Sel">   --->   Core 73 'Sel' <Latency = 0> <II = 1> <Delay = 0.35> <FuncUnit> <Opcode : 'select'> <InPorts = 3> <OutPorts = 1>
ST_2 : Operation 53 [1/1] (0.00ns)   --->   "%ret_ln59 = ret" [firmware/nnet_utils/nnet_activation_stream.h:59]   --->   Operation 53 'ret' 'ret_ln59' <Predicate = (icmp_ln41)> <Delay = 0.00>

State 3 <SV = 2> <Delay = 2.16>
ST_3 : Operation 42 [1/1] (0.00ns)   --->   "%specpipeline_ln42 = specpipeline void @_ssdm_op_SpecPipeline, i32 4294967295, i32 0, i32 0, i32 0, void @empty_1" [firmware/nnet_utils/nnet_activation_stream.h:42]   --->   Operation 42 'specpipeline' 'specpipeline_ln42' <Predicate = true> <Delay = 0.00>
ST_3 : Operation 43 [1/1] (0.00ns)   --->   "%specloopname_ln41 = specloopname void @_ssdm_op_SpecLoopName, void @empty_3" [firmware/nnet_utils/nnet_activation_stream.h:41]   --->   Operation 43 'specloopname' 'specloopname_ln41' <Predicate = true> <Delay = 0.00>
ST_3 : Operation 44 [1/1] (0.00ns)   --->   "%zext_ln45 = zext i7 %out_data_data" [firmware/nnet_utils/nnet_activation_stream.h:45]   --->   Operation 44 'zext' 'zext_ln45' <Predicate = true> <Delay = 0.00>
ST_3 : Operation 45 [1/1] (0.00ns)   --->   "%zext_ln51 = zext i7 %out_data_data_15" [firmware/nnet_utils/nnet_activation_stream.h:51]   --->   Operation 45 'zext' 'zext_ln51' <Predicate = true> <Delay = 0.00>
ST_3 : Operation 46 [1/1] (0.00ns)   --->   "%zext_ln45_1 = zext i7 %out_data_data_16" [firmware/nnet_utils/nnet_activation_stream.h:45]   --->   Operation 46 'zext' 'zext_ln45_1' <Predicate = true> <Delay = 0.00>
ST_3 : Operation 47 [1/1] (0.00ns)   --->   "%zext_ln51_48 = zext i7 %out_data_data_18" [firmware/nnet_utils/nnet_activation_stream.h:51]   --->   Operation 47 'zext' 'zext_ln51_48' <Predicate = true> <Delay = 0.00>
ST_3 : Operation 48 [1/1] (0.00ns)   --->   "%zext_ln45_2 = zext i7 %out_data_data_19" [firmware/nnet_utils/nnet_activation_stream.h:45]   --->   Operation 48 'zext' 'zext_ln45_2' <Predicate = true> <Delay = 0.00>
ST_3 : Operation 49 [1/1] (0.00ns)   --->   "%or_ln57_s = bitconcatenate i47 @_ssdm_op_BitConcatenate.i47.i7.i8.i8.i8.i8.i8, i7 %out_data_data_21, i8 %zext_ln45_2, i8 %zext_ln51_48, i8 %zext_ln45_1, i8 %zext_ln51, i8 %zext_ln45" [firmware/nnet_utils/nnet_activation_stream.h:57]   --->   Operation 49 'bitconcatenate' 'or_ln57_s' <Predicate = true> <Delay = 0.00>
ST_3 : Operation 50 [1/1] (0.00ns)   --->   "%zext_ln57 = zext i47 %or_ln57_s" [firmware/nnet_utils/nnet_activation_stream.h:57]   --->   Operation 50 'zext' 'zext_ln57' <Predicate = true> <Delay = 0.00>
ST_3 : Operation 51 [1/1] (2.16ns)   --->   "%write_ln57 = write void @_ssdm_op_Write.ap_fifo.volatile.i48P0A, i48 %layer4_out, i48 %zext_ln57" [firmware/nnet_utils/nnet_activation_stream.h:57]   --->   Operation 51 'write' 'write_ln57' <Predicate = true> <Delay = 2.16> <CoreInst = "FIFO">   --->   Core 78 'FIFO' <Latency = 0> <II = 1> <Delay = 2.16> <Storage> <Opcode : 'read' 'write' 'nbread' 'nbwrite'> <Ports = 0> <Width = 48> <Depth = 1936> <FIFO>
ST_3 : Operation 52 [1/1] (0.00ns)   --->   "%br_ln41 = br void %for.body4" [firmware/nnet_utils/nnet_activation_stream.h:41]   --->   Operation 52 'br' 'br_ln41' <Predicate = true> <Delay = 0.00>


============================================================
+ Verbose Summary: Binding
============================================================
STG Binding: 
---------------- STG Properties BEGIN ----------------
- Is combinational: 0
- Is one-state seq: 0
- Is datapath-only: 0
- Is pipelined: 0
- Is top level: 0
Port [ Return ] is wired: 1; IO mode=ap_ctrl_hs:ce=0
Port [ layer2_out]:  wired=1; compound=1; hidden=0; nouse=0; global=0; static=0; extern=0; dir=0; type=3; pingpong=0; private_global=0; IO mode=ap_fifo:ce=0
Port [ layer4_out]:  wired=1; compound=1; hidden=0; nouse=0; global=0; static=0; extern=0; dir=1; type=3; pingpong=0; private_global=0; IO mode=ap_fifo:ce=0
---------------- STG Properties END ------------------

---------------- Datapath Model BEGIN ----------------

<LifeTime>
<method=bitvector/>
i                 (alloca           ) [ 0100]
specinterface_ln0 (specinterface    ) [ 0000]
specinterface_ln0 (specinterface    ) [ 0000]
store_ln41        (store            ) [ 0000]
br_ln41           (br               ) [ 0000]
i_1               (load             ) [ 0000]
icmp_ln41         (icmp             ) [ 0110]
empty             (speclooptripcount) [ 0000]
i_2               (add              ) [ 0000]
br_ln41           (br               ) [ 0000]
store_ln41        (store            ) [ 0000]
layer2_out_read   (read             ) [ 0000]
out_data_data_22  (trunc            ) [ 0000]
trunc_ln45        (trunc            ) [ 0000]
out_data_data_24  (partselect       ) [ 0000]
in_data_data_16   (partselect       ) [ 0000]
in_data_data      (partselect       ) [ 0000]
trunc_ln44_s      (partselect       ) [ 0000]
out_data_data_23  (partselect       ) [ 0000]
trunc_ln45_4      (partselect       ) [ 0000]
in_data_data_15   (partselect       ) [ 0000]
trunc_ln44_48     (partselect       ) [ 0000]
trunc_ln45_5      (partselect       ) [ 0000]
trunc_ln44_49     (partselect       ) [ 0000]
icmp_ln1649       (icmp             ) [ 0000]
out_data_data     (select           ) [ 0101]
icmp_ln1649_98    (icmp             ) [ 0000]
out_data_data_15  (select           ) [ 0101]
icmp_ln1649_99    (icmp             ) [ 0000]
out_data_data_16  (select           ) [ 0101]
icmp_ln1649_100   (icmp             ) [ 0000]
out_data_data_18  (select           ) [ 0101]
icmp_ln1649_101   (icmp             ) [ 0000]
out_data_data_19  (select           ) [ 0101]
icmp_ln1649_102   (icmp             ) [ 0000]
out_data_data_21  (select           ) [ 0101]
specpipeline_ln42 (specpipeline     ) [ 0000]
specloopname_ln41 (specloopname     ) [ 0000]
zext_ln45         (zext             ) [ 0000]
zext_ln51         (zext             ) [ 0000]
zext_ln45_1       (zext             ) [ 0000]
zext_ln51_48      (zext             ) [ 0000]
zext_ln45_2       (zext             ) [ 0000]
or_ln57_s         (bitconcatenate   ) [ 0000]
zext_ln57         (zext             ) [ 0000]
write_ln57        (write            ) [ 0000]
br_ln41           (br               ) [ 0000]
ret_ln59          (ret              ) [ 0000]
</LifeTime>

<model>

<comp_list>
<comp id="0" class="1000" name="layer2_out">
<pin_list>
<pin id="1" dir="1" index="0" bw="1" slack="0"/>
</pin_list>
<bind>
<StgValue><ssdm name="layer2_out"/></StgValue>
</bind>
</comp>

<comp id="2" class="1000" name="layer4_out">
<pin_list>
<pin id="3" dir="1" index="0" bw="1" slack="0"/>
</pin_list>
<bind>
<StgValue><ssdm name="layer4_out"/></StgValue>
</bind>
</comp>

<comp id="4" class="1001" name="const_4">
<pin_list>
<pin id="5" dir="1" index="0" bw="1" slack="0"/>
</pin_list>
<bind>
<StgValue><ssdm name=""/></StgValue>
</bind>
</comp>

<comp id="6" class="1001" name="const_6">
<pin_list>
<pin id="7" dir="1" index="0" bw="1" slack="2147483647"/>
</pin_list>
<bind>
<StgValue><ssdm name="_ssdm_op_SpecInterface"/></StgValue>
</bind>
</comp>

<comp id="8" class="1001" name="const_8">
<pin_list>
<pin id="9" dir="1" index="0" bw="1" slack="2147483647"/>
</pin_list>
<bind>
<StgValue><ssdm name="empty_2"/></StgValue>
</bind>
</comp>

<comp id="10" class="1001" name="const_10">
<pin_list>
<pin id="11" dir="1" index="0" bw="1" slack="2147483647"/>
</pin_list>
<bind>
<StgValue><ssdm name=""/></StgValue>
</bind>
</comp>

<comp id="12" class="1001" name="const_12">
<pin_list>
<pin id="13" dir="1" index="0" bw="1" slack="2147483647"/>
</pin_list>
<bind>
<StgValue><ssdm name="empty_1"/></StgValue>
</bind>
</comp>

<comp id="14" class="1001" name="const_14">
<pin_list>
<pin id="15" dir="1" index="0" bw="1" slack="2147483647"/>
</pin_list>
<bind>
<StgValue><ssdm name=""/></StgValue>
</bind>
</comp>

<comp id="16" class="1001" name="const_16">
<pin_list>
<pin id="17" dir="1" index="0" bw="1" slack="0"/>
</pin_list>
<bind>
<StgValue><ssdm name=""/></StgValue>
</bind>
</comp>

<comp id="18" class="1001" name="const_18">
<pin_list>
<pin id="19" dir="1" index="0" bw="1" slack="0"/>
</pin_list>
<bind>
<StgValue><ssdm name=""/></StgValue>
</bind>
</comp>

<comp id="20" class="1001" name="const_20">
<pin_list>
<pin id="21" dir="1" index="0" bw="1" slack="2147483647"/>
</pin_list>
<bind>
<StgValue><ssdm name="_ssdm_op_SpecLoopTripCount"/></StgValue>
</bind>
</comp>

<comp id="22" class="1001" name="const_22">
<pin_list>
<pin id="23" dir="1" index="0" bw="1" slack="2147483647"/>
</pin_list>
<bind>
<StgValue><ssdm name=""/></StgValue>
</bind>
</comp>

<comp id="24" class="1001" name="const_24">
<pin_list>
<pin id="25" dir="1" index="0" bw="1" slack="0"/>
</pin_list>
<bind>
<StgValue><ssdm name=""/></StgValue>
</bind>
</comp>

<comp id="26" class="1001" name="const_26">
<pin_list>
<pin id="27" dir="1" index="0" bw="1" slack="0"/>
</pin_list>
<bind>
<StgValue><ssdm name="_ssdm_op_Read.ap_fifo.volatile.i48P0A"/></StgValue>
</bind>
</comp>

<comp id="28" class="1001" name="const_28">
<pin_list>
<pin id="29" dir="1" index="0" bw="1" slack="0"/>
</pin_list>
<bind>
<StgValue><ssdm name="_ssdm_op_PartSelect.i8.i48.i32.i32"/></StgValue>
</bind>
</comp>

<comp id="30" class="1001" name="const_30">
<pin_list>
<pin id="31" dir="1" index="0" bw="1" slack="0"/>
</pin_list>
<bind>
<StgValue><ssdm name=""/></StgValue>
</bind>
</comp>

<comp id="32" class="1001" name="const_32">
<pin_list>
<pin id="33" dir="1" index="0" bw="1" slack="0"/>
</pin_list>
<bind>
<StgValue><ssdm name=""/></StgValue>
</bind>
</comp>

<comp id="34" class="1001" name="const_34">
<pin_list>
<pin id="35" dir="1" index="0" bw="1" slack="0"/>
</pin_list>
<bind>
<StgValue><ssdm name=""/></StgValue>
</bind>
</comp>

<comp id="36" class="1001" name="const_36">
<pin_list>
<pin id="37" dir="1" index="0" bw="1" slack="0"/>
</pin_list>
<bind>
<StgValue><ssdm name=""/></StgValue>
</bind>
</comp>

<comp id="38" class="1001" name="const_38">
<pin_list>
<pin id="39" dir="1" index="0" bw="1" slack="0"/>
</pin_list>
<bind>
<StgValue><ssdm name=""/></StgValue>
</bind>
</comp>

<comp id="40" class="1001" name="const_40">
<pin_list>
<pin id="41" dir="1" index="0" bw="1" slack="0"/>
</pin_list>
<bind>
<StgValue><ssdm name=""/></StgValue>
</bind>
</comp>

<comp id="42" class="1001" name="const_42">
<pin_list>
<pin id="43" dir="1" index="0" bw="1" slack="0"/>
</pin_list>
<bind>
<StgValue><ssdm name="_ssdm_op_PartSelect.i7.i48.i32.i32"/></StgValue>
</bind>
</comp>

<comp id="44" class="1001" name="const_44">
<pin_list>
<pin id="45" dir="1" index="0" bw="1" slack="0"/>
</pin_list>
<bind>
<StgValue><ssdm name=""/></StgValue>
</bind>
</comp>

<comp id="46" class="1001" name="const_46">
<pin_list>
<pin id="47" dir="1" index="0" bw="1" slack="0"/>
</pin_list>
<bind>
<StgValue><ssdm name=""/></StgValue>
</bind>
</comp>

<comp id="48" class="1001" name="const_48">
<pin_list>
<pin id="49" dir="1" index="0" bw="1" slack="0"/>
</pin_list>
<bind>
<StgValue><ssdm name=""/></StgValue>
</bind>
</comp>

<comp id="50" class="1001" name="const_50">
<pin_list>
<pin id="51" dir="1" index="0" bw="1" slack="0"/>
</pin_list>
<bind>
<StgValue><ssdm name=""/></StgValue>
</bind>
</comp>

<comp id="52" class="1001" name="const_52">
<pin_list>
<pin id="53" dir="1" index="0" bw="1" slack="0"/>
</pin_list>
<bind>
<StgValue><ssdm name=""/></StgValue>
</bind>
</comp>

<comp id="54" class="1001" name="const_54">
<pin_list>
<pin id="55" dir="1" index="0" bw="1" slack="0"/>
</pin_list>
<bind>
<StgValue><ssdm name=""/></StgValue>
</bind>
</comp>

<comp id="56" class="1001" name="const_56">
<pin_list>
<pin id="57" dir="1" index="0" bw="1" slack="0"/>
</pin_list>
<bind>
<StgValue><ssdm name=""/></StgValue>
</bind>
</comp>

<comp id="58" class="1001" name="const_58">
<pin_list>
<pin id="59" dir="1" index="0" bw="1" slack="0"/>
</pin_list>
<bind>
<StgValue><ssdm name=""/></StgValue>
</bind>
</comp>

<comp id="60" class="1001" name="const_60">
<pin_list>
<pin id="61" dir="1" index="0" bw="1" slack="0"/>
</pin_list>
<bind>
<StgValue><ssdm name=""/></StgValue>
</bind>
</comp>

<comp id="62" class="1001" name="const_62">
<pin_list>
<pin id="63" dir="1" index="0" bw="1" slack="0"/>
</pin_list>
<bind>
<StgValue><ssdm name=""/></StgValue>
</bind>
</comp>

<comp id="64" class="1001" name="const_64">
<pin_list>
<pin id="65" dir="1" index="0" bw="1" slack="0"/>
</pin_list>
<bind>
<StgValue><ssdm name=""/></StgValue>
</bind>
</comp>

<comp id="66" class="1001" name="const_66">
<pin_list>
<pin id="67" dir="1" index="0" bw="1" slack="2147483647"/>
</pin_list>
<bind>
<StgValue><ssdm name="_ssdm_op_SpecPipeline"/></StgValue>
</bind>
</comp>

<comp id="68" class="1001" name="const_68">
<pin_list>
<pin id="69" dir="1" index="0" bw="1" slack="2147483647"/>
</pin_list>
<bind>
<StgValue><ssdm name="_ssdm_op_SpecLoopName"/></StgValue>
</bind>
</comp>

<comp id="70" class="1001" name="const_70">
<pin_list>
<pin id="71" dir="1" index="0" bw="1" slack="2147483647"/>
</pin_list>
<bind>
<StgValue><ssdm name="empty_3"/></StgValue>
</bind>
</comp>

<comp id="72" class="1001" name="const_72">
<pin_list>
<pin id="73" dir="1" index="0" bw="1" slack="0"/>
</pin_list>
<bind>
<StgValue><ssdm name="_ssdm_op_BitConcatenate.i47.i7.i8.i8.i8.i8.i8"/></StgValue>
</bind>
</comp>

<comp id="74" class="1001" name="const_74">
<pin_list>
<pin id="75" dir="1" index="0" bw="1" slack="0"/>
</pin_list>
<bind>
<StgValue><ssdm name="_ssdm_op_Write.ap_fifo.volatile.i48P0A"/></StgValue>
</bind>
</comp>

<comp id="76" class="1004" name="i_fu_76">
<pin_list>
<pin id="77" dir="0" index="0" bw="1" slack="0"/>
<pin id="78" dir="1" index="1" bw="11" slack="0"/>
</pin_list>
<bind>
<opcode="alloca(26) " fcode="alloca"/>
<opset="i/1 "/>
</bind>
</comp>

<comp id="80" class="1004" name="layer2_out_read_read_fu_80">
<pin_list>
<pin id="81" dir="0" index="0" bw="48" slack="0"/>
<pin id="82" dir="0" index="1" bw="48" slack="0"/>
<pin id="83" dir="1" index="2" bw="48" slack="0"/>
</pin_list>
<bind>
<opcode="read(1150) " fcode="read"/>
<opset="layer2_out_read/2 "/>
</bind>
</comp>

<comp id="86" class="1004" name="write_ln57_write_fu_86">
<pin_list>
<pin id="87" dir="0" index="0" bw="0" slack="0"/>
<pin id="88" dir="0" index="1" bw="48" slack="0"/>
<pin id="89" dir="0" index="2" bw="47" slack="0"/>
<pin id="90" dir="1" index="3" bw="0" slack="2147483647"/>
</pin_list>
<bind>
<opcode="write(1151) " fcode="write"/>
<opset="write_ln57/3 "/>
</bind>
</comp>

<comp id="93" class="1004" name="store_ln41_store_fu_93">
<pin_list>
<pin id="94" dir="0" index="0" bw="1" slack="0"/>
<pin id="95" dir="0" index="1" bw="11" slack="0"/>
<pin id="96" dir="1" index="2" bw="0" slack="2147483647"/>
</pin_list>
<bind>
<opcode="store(28) " fcode="store"/>
<opset="store_ln41/1 "/>
</bind>
</comp>

<comp id="98" class="1004" name="i_1_load_fu_98">
<pin_list>
<pin id="99" dir="0" index="0" bw="11" slack="0"/>
<pin id="100" dir="1" index="1" bw="11" slack="0"/>
</pin_list>
<bind>
<opcode="load(27) " fcode="load"/>
<opset="i_1/1 "/>
</bind>
</comp>

<comp id="101" class="1004" name="icmp_ln41_fu_101">
<pin_list>
<pin id="102" dir="0" index="0" bw="11" slack="0"/>
<pin id="103" dir="0" index="1" bw="8" slack="0"/>
<pin id="104" dir="1" index="2" bw="1" slack="1"/>
</pin_list>
<bind>
<opcode="icmp(45) " fcode="icmp"/>
<opset="icmp_ln41/1 "/>
</bind>
</comp>

<comp id="107" class="1004" name="i_2_fu_107">
<pin_list>
<pin id="108" dir="0" index="0" bw="11" slack="0"/>
<pin id="109" dir="0" index="1" bw="1" slack="0"/>
<pin id="110" dir="1" index="2" bw="11" slack="0"/>
</pin_list>
<bind>
<opcode="add(8) " fcode="add"/>
<opset="i_2/1 "/>
</bind>
</comp>

<comp id="113" class="1004" name="store_ln41_store_fu_113">
<pin_list>
<pin id="114" dir="0" index="0" bw="11" slack="0"/>
<pin id="115" dir="0" index="1" bw="11" slack="0"/>
<pin id="116" dir="1" index="2" bw="0" slack="2147483647"/>
</pin_list>
<bind>
<opcode="store(28) " fcode="store"/>
<opset="store_ln41/1 "/>
</bind>
</comp>

<comp id="118" class="1004" name="out_data_data_22_fu_118">
<pin_list>
<pin id="119" dir="0" index="0" bw="48" slack="0"/>
<pin id="120" dir="1" index="1" bw="8" slack="0"/>
</pin_list>
<bind>
<opcode="trunc(33) " fcode="trunc"/>
<opset="out_data_data_22/2 "/>
</bind>
</comp>

<comp id="122" class="1004" name="trunc_ln45_fu_122">
<pin_list>
<pin id="123" dir="0" index="0" bw="48" slack="0"/>
<pin id="124" dir="1" index="1" bw="7" slack="0"/>
</pin_list>
<bind>
<opcode="trunc(33) " fcode="trunc"/>
<opset="trunc_ln45/2 "/>
</bind>
</comp>

<comp id="126" class="1004" name="out_data_data_24_fu_126">
<pin_list>
<pin id="127" dir="0" index="0" bw="8" slack="0"/>
<pin id="128" dir="0" index="1" bw="48" slack="0"/>
<pin id="129" dir="0" index="2" bw="7" slack="0"/>
<pin id="130" dir="0" index="3" bw="7" slack="0"/>
<pin id="131" dir="1" index="4" bw="8" slack="0"/>
</pin_list>
<bind>
<opcode="partselect(1002) " fcode="partselect"/>
<opset="out_data_data_24/2 "/>
</bind>
</comp>

<comp id="136" class="1004" name="in_data_data_16_fu_136">
<pin_list>
<pin id="137" dir="0" index="0" bw="8" slack="0"/>
<pin id="138" dir="0" index="1" bw="48" slack="0"/>
<pin id="139" dir="0" index="2" bw="7" slack="0"/>
<pin id="140" dir="0" index="3" bw="7" slack="0"/>
<pin id="141" dir="1" index="4" bw="8" slack="0"/>
</pin_list>
<bind>
<opcode="partselect(1002) " fcode="partselect"/>
<opset="in_data_data_16/2 "/>
</bind>
</comp>

<comp id="146" class="1004" name="in_data_data_fu_146">
<pin_list>
<pin id="147" dir="0" index="0" bw="8" slack="0"/>
<pin id="148" dir="0" index="1" bw="48" slack="0"/>
<pin id="149" dir="0" index="2" bw="5" slack="0"/>
<pin id="150" dir="0" index="3" bw="5" slack="0"/>
<pin id="151" dir="1" index="4" bw="8" slack="0"/>
</pin_list>
<bind>
<opcode="partselect(1002) " fcode="partselect"/>
<opset="in_data_data/2 "/>
</bind>
</comp>

<comp id="156" class="1004" name="trunc_ln44_s_fu_156">
<pin_list>
<pin id="157" dir="0" index="0" bw="7" slack="0"/>
<pin id="158" dir="0" index="1" bw="48" slack="0"/>
<pin id="159" dir="0" index="2" bw="5" slack="0"/>
<pin id="160" dir="0" index="3" bw="5" slack="0"/>
<pin id="161" dir="1" index="4" bw="7" slack="0"/>
</pin_list>
<bind>
<opcode="partselect(1002) " fcode="partselect"/>
<opset="trunc_ln44_s/2 "/>
</bind>
</comp>

<comp id="166" class="1004" name="out_data_data_23_fu_166">
<pin_list>
<pin id="167" dir="0" index="0" bw="8" slack="0"/>
<pin id="168" dir="0" index="1" bw="48" slack="0"/>
<pin id="169" dir="0" index="2" bw="6" slack="0"/>
<pin id="170" dir="0" index="3" bw="6" slack="0"/>
<pin id="171" dir="1" index="4" bw="8" slack="0"/>
</pin_list>
<bind>
<opcode="partselect(1002) " fcode="partselect"/>
<opset="out_data_data_23/2 "/>
</bind>
</comp>

<comp id="176" class="1004" name="trunc_ln45_4_fu_176">
<pin_list>
<pin id="177" dir="0" index="0" bw="7" slack="0"/>
<pin id="178" dir="0" index="1" bw="48" slack="0"/>
<pin id="179" dir="0" index="2" bw="6" slack="0"/>
<pin id="180" dir="0" index="3" bw="6" slack="0"/>
<pin id="181" dir="1" index="4" bw="7" slack="0"/>
</pin_list>
<bind>
<opcode="partselect(1002) " fcode="partselect"/>
<opset="trunc_ln45_4/2 "/>
</bind>
</comp>

<comp id="186" class="1004" name="in_data_data_15_fu_186">
<pin_list>
<pin id="187" dir="0" index="0" bw="8" slack="0"/>
<pin id="188" dir="0" index="1" bw="48" slack="0"/>
<pin id="189" dir="0" index="2" bw="6" slack="0"/>
<pin id="190" dir="0" index="3" bw="6" slack="0"/>
<pin id="191" dir="1" index="4" bw="8" slack="0"/>
</pin_list>
<bind>
<opcode="partselect(1002) " fcode="partselect"/>
<opset="in_data_data_15/2 "/>
</bind>
</comp>

<comp id="196" class="1004" name="trunc_ln44_48_fu_196">
<pin_list>
<pin id="197" dir="0" index="0" bw="7" slack="0"/>
<pin id="198" dir="0" index="1" bw="48" slack="0"/>
<pin id="199" dir="0" index="2" bw="6" slack="0"/>
<pin id="200" dir="0" index="3" bw="6" slack="0"/>
<pin id="201" dir="1" index="4" bw="7" slack="0"/>
</pin_list>
<bind>
<opcode="partselect(1002) " fcode="partselect"/>
<opset="trunc_ln44_48/2 "/>
</bind>
</comp>

<comp id="206" class="1004" name="trunc_ln45_5_fu_206">
<pin_list>
<pin id="207" dir="0" index="0" bw="7" slack="0"/>
<pin id="208" dir="0" index="1" bw="48" slack="0"/>
<pin id="209" dir="0" index="2" bw="7" slack="0"/>
<pin id="210" dir="0" index="3" bw="7" slack="0"/>
<pin id="211" dir="1" index="4" bw="7" slack="0"/>
</pin_list>
<bind>
<opcode="partselect(1002) " fcode="partselect"/>
<opset="trunc_ln45_5/2 "/>
</bind>
</comp>

<comp id="216" class="1004" name="trunc_ln44_49_fu_216">
<pin_list>
<pin id="217" dir="0" index="0" bw="7" slack="0"/>
<pin id="218" dir="0" index="1" bw="48" slack="0"/>
<pin id="219" dir="0" index="2" bw="7" slack="0"/>
<pin id="220" dir="0" index="3" bw="7" slack="0"/>
<pin id="221" dir="1" index="4" bw="7" slack="0"/>
</pin_list>
<bind>
<opcode="partselect(1002) " fcode="partselect"/>
<opset="trunc_ln44_49/2 "/>
</bind>
</comp>

<comp id="226" class="1004" name="icmp_ln1649_fu_226">
<pin_list>
<pin id="227" dir="0" index="0" bw="8" slack="0"/>
<pin id="228" dir="0" index="1" bw="1" slack="0"/>
<pin id="229" dir="1" index="2" bw="1" slack="0"/>
</pin_list>
<bind>
<opcode="icmp(45) " fcode="icmp"/>
<opset="icmp_ln1649/2 "/>
</bind>
</comp>

<comp id="232" class="1004" name="out_data_data_fu_232">
<pin_list>
<pin id="233" dir="0" index="0" bw="1" slack="0"/>
<pin id="234" dir="0" index="1" bw="7" slack="0"/>
<pin id="235" dir="0" index="2" bw="1" slack="0"/>
<pin id="236" dir="1" index="3" bw="7" slack="1"/>
</pin_list>
<bind>
<opcode="select(49) " fcode="select"/>
<opset="out_data_data/2 "/>
</bind>
</comp>

<comp id="240" class="1004" name="icmp_ln1649_98_fu_240">
<pin_list>
<pin id="241" dir="0" index="0" bw="8" slack="0"/>
<pin id="242" dir="0" index="1" bw="1" slack="0"/>
<pin id="243" dir="1" index="2" bw="1" slack="0"/>
</pin_list>
<bind>
<opcode="icmp(45) " fcode="icmp"/>
<opset="icmp_ln1649_98/2 "/>
</bind>
</comp>

<comp id="246" class="1004" name="out_data_data_15_fu_246">
<pin_list>
<pin id="247" dir="0" index="0" bw="1" slack="0"/>
<pin id="248" dir="0" index="1" bw="7" slack="0"/>
<pin id="249" dir="0" index="2" bw="1" slack="0"/>
<pin id="250" dir="1" index="3" bw="7" slack="1"/>
</pin_list>
<bind>
<opcode="select(49) " fcode="select"/>
<opset="out_data_data_15/2 "/>
</bind>
</comp>

<comp id="254" class="1004" name="icmp_ln1649_99_fu_254">
<pin_list>
<pin id="255" dir="0" index="0" bw="8" slack="0"/>
<pin id="256" dir="0" index="1" bw="1" slack="0"/>
<pin id="257" dir="1" index="2" bw="1" slack="0"/>
</pin_list>
<bind>
<opcode="icmp(45) " fcode="icmp"/>
<opset="icmp_ln1649_99/2 "/>
</bind>
</comp>

<comp id="260" class="1004" name="out_data_data_16_fu_260">
<pin_list>
<pin id="261" dir="0" index="0" bw="1" slack="0"/>
<pin id="262" dir="0" index="1" bw="7" slack="0"/>
<pin id="263" dir="0" index="2" bw="1" slack="0"/>
<pin id="264" dir="1" index="3" bw="7" slack="1"/>
</pin_list>
<bind>
<opcode="select(49) " fcode="select"/>
<opset="out_data_data_16/2 "/>
</bind>
</comp>

<comp id="268" class="1004" name="icmp_ln1649_100_fu_268">
<pin_list>
<pin id="269" dir="0" index="0" bw="8" slack="0"/>
<pin id="270" dir="0" index="1" bw="1" slack="0"/>
<pin id="271" dir="1" index="2" bw="1" slack="0"/>
</pin_list>
<bind>
<opcode="icmp(45) " fcode="icmp"/>
<opset="icmp_ln1649_100/2 "/>
</bind>
</comp>

<comp id="274" class="1004" name="out_data_data_18_fu_274">
<pin_list>
<pin id="275" dir="0" index="0" bw="1" slack="0"/>
<pin id="276" dir="0" index="1" bw="7" slack="0"/>
<pin id="277" dir="0" index="2" bw="1" slack="0"/>
<pin id="278" dir="1" index="3" bw="7" slack="1"/>
</pin_list>
<bind>
<opcode="select(49) " fcode="select"/>
<opset="out_data_data_18/2 "/>
</bind>
</comp>

<comp id="282" class="1004" name="icmp_ln1649_101_fu_282">
<pin_list>
<pin id="283" dir="0" index="0" bw="8" slack="0"/>
<pin id="284" dir="0" index="1" bw="1" slack="0"/>
<pin id="285" dir="1" index="2" bw="1" slack="0"/>
</pin_list>
<bind>
<opcode="icmp(45) " fcode="icmp"/>
<opset="icmp_ln1649_101/2 "/>
</bind>
</comp>

<comp id="288" class="1004" name="out_data_data_19_fu_288">
<pin_list>
<pin id="289" dir="0" index="0" bw="1" slack="0"/>
<pin id="290" dir="0" index="1" bw="7" slack="0"/>
<pin id="291" dir="0" index="2" bw="1" slack="0"/>
<pin id="292" dir="1" index="3" bw="7" slack="1"/>
</pin_list>
<bind>
<opcode="select(49) " fcode="select"/>
<opset="out_data_data_19/2 "/>
</bind>
</comp>

<comp id="296" class="1004" name="icmp_ln1649_102_fu_296">
<pin_list>
<pin id="297" dir="0" index="0" bw="8" slack="0"/>
<pin id="298" dir="0" index="1" bw="1" slack="0"/>
<pin id="299" dir="1" index="2" bw="1" slack="0"/>
</pin_list>
<bind>
<opcode="icmp(45) " fcode="icmp"/>
<opset="icmp_ln1649_102/2 "/>
</bind>
</comp>

<comp id="302" class="1004" name="out_data_data_21_fu_302">
<pin_list>
<pin id="303" dir="0" index="0" bw="1" slack="0"/>
<pin id="304" dir="0" index="1" bw="7" slack="0"/>
<pin id="305" dir="0" index="2" bw="1" slack="0"/>
<pin id="306" dir="1" index="3" bw="7" slack="1"/>
</pin_list>
<bind>
<opcode="select(49) " fcode="select"/>
<opset="out_data_data_21/2 "/>
</bind>
</comp>

<comp id="310" class="1004" name="zext_ln45_fu_310">
<pin_list>
<pin id="311" dir="0" index="0" bw="7" slack="1"/>
<pin id="312" dir="1" index="1" bw="8" slack="0"/>
</pin_list>
<bind>
<opcode="zext(34) " fcode="zext"/>
<opset="zext_ln45/3 "/>
</bind>
</comp>

<comp id="313" class="1004" name="zext_ln51_fu_313">
<pin_list>
<pin id="314" dir="0" index="0" bw="7" slack="1"/>
<pin id="315" dir="1" index="1" bw="8" slack="0"/>
</pin_list>
<bind>
<opcode="zext(34) " fcode="zext"/>
<opset="zext_ln51/3 "/>
</bind>
</comp>

<comp id="316" class="1004" name="zext_ln45_1_fu_316">
<pin_list>
<pin id="317" dir="0" index="0" bw="7" slack="1"/>
<pin id="318" dir="1" index="1" bw="8" slack="0"/>
</pin_list>
<bind>
<opcode="zext(34) " fcode="zext"/>
<opset="zext_ln45_1/3 "/>
</bind>
</comp>

<comp id="319" class="1004" name="zext_ln51_48_fu_319">
<pin_list>
<pin id="320" dir="0" index="0" bw="7" slack="1"/>
<pin id="321" dir="1" index="1" bw="8" slack="0"/>
</pin_list>
<bind>
<opcode="zext(34) " fcode="zext"/>
<opset="zext_ln51_48/3 "/>
</bind>
</comp>

<comp id="322" class="1004" name="zext_ln45_2_fu_322">
<pin_list>
<pin id="323" dir="0" index="0" bw="7" slack="1"/>
<pin id="324" dir="1" index="1" bw="8" slack="0"/>
</pin_list>
<bind>
<opcode="zext(34) " fcode="zext"/>
<opset="zext_ln45_2/3 "/>
</bind>
</comp>

<comp id="325" class="1004" name="or_ln57_s_fu_325">
<pin_list>
<pin id="326" dir="0" index="0" bw="47" slack="0"/>
<pin id="327" dir="0" index="1" bw="7" slack="1"/>
<pin id="328" dir="0" index="2" bw="7" slack="0"/>
<pin id="329" dir="0" index="3" bw="7" slack="0"/>
<pin id="330" dir="0" index="4" bw="7" slack="0"/>
<pin id="331" dir="0" index="5" bw="7" slack="0"/>
<pin id="332" dir="0" index="6" bw="7" slack="0"/>
<pin id="333" dir="1" index="7" bw="47" slack="0"/>
</pin_list>
<bind>
<opcode="bitconcatenate(1004) " fcode="bitconcatenate"/>
<opset="or_ln57_s/3 "/>
</bind>
</comp>

<comp id="340" class="1004" name="zext_ln57_fu_340">
<pin_list>
<pin id="341" dir="0" index="0" bw="47" slack="0"/>
<pin id="342" dir="1" index="1" bw="48" slack="0"/>
</pin_list>
<bind>
<opcode="zext(34) " fcode="zext"/>
<opset="zext_ln57/3 "/>
</bind>
</comp>

<comp id="345" class="1005" name="i_reg_345">
<pin_list>
<pin id="346" dir="0" index="0" bw="11" slack="0"/>
<pin id="347" dir="1" index="1" bw="11" slack="0"/>
</pin_list>
<bind>
<opset="i "/>
</bind>
</comp>

<comp id="352" class="1005" name="icmp_ln41_reg_352">
<pin_list>
<pin id="353" dir="0" index="0" bw="1" slack="1"/>
<pin id="354" dir="1" index="1" bw="1" slack="2147483647"/>
</pin_list>
<bind>
<opset="icmp_ln41 "/>
</bind>
</comp>

<comp id="356" class="1005" name="out_data_data_reg_356">
<pin_list>
<pin id="357" dir="0" index="0" bw="7" slack="1"/>
<pin id="358" dir="1" index="1" bw="7" slack="1"/>
</pin_list>
<bind>
<opset="out_data_data "/>
</bind>
</comp>

<comp id="361" class="1005" name="out_data_data_15_reg_361">
<pin_list>
<pin id="362" dir="0" index="0" bw="7" slack="1"/>
<pin id="363" dir="1" index="1" bw="7" slack="1"/>
</pin_list>
<bind>
<opset="out_data_data_15 "/>
</bind>
</comp>

<comp id="366" class="1005" name="out_data_data_16_reg_366">
<pin_list>
<pin id="367" dir="0" index="0" bw="7" slack="1"/>
<pin id="368" dir="1" index="1" bw="7" slack="1"/>
</pin_list>
<bind>
<opset="out_data_data_16 "/>
</bind>
</comp>

<comp id="371" class="1005" name="out_data_data_18_reg_371">
<pin_list>
<pin id="372" dir="0" index="0" bw="7" slack="1"/>
<pin id="373" dir="1" index="1" bw="7" slack="1"/>
</pin_list>
<bind>
<opset="out_data_data_18 "/>
</bind>
</comp>

<comp id="376" class="1005" name="out_data_data_19_reg_376">
<pin_list>
<pin id="377" dir="0" index="0" bw="7" slack="1"/>
<pin id="378" dir="1" index="1" bw="7" slack="1"/>
</pin_list>
<bind>
<opset="out_data_data_19 "/>
</bind>
</comp>

<comp id="381" class="1005" name="out_data_data_21_reg_381">
<pin_list>
<pin id="382" dir="0" index="0" bw="7" slack="1"/>
<pin id="383" dir="1" index="1" bw="7" slack="1"/>
</pin_list>
<bind>
<opset="out_data_data_21 "/>
</bind>
</comp>

</comp_list>

<net_list>
<net id="79"><net_src comp="4" pin="0"/><net_sink comp="76" pin=0"/></net>

<net id="84"><net_src comp="26" pin="0"/><net_sink comp="80" pin=0"/></net>

<net id="85"><net_src comp="0" pin="0"/><net_sink comp="80" pin=1"/></net>

<net id="91"><net_src comp="74" pin="0"/><net_sink comp="86" pin=0"/></net>

<net id="92"><net_src comp="2" pin="0"/><net_sink comp="86" pin=1"/></net>

<net id="97"><net_src comp="16" pin="0"/><net_sink comp="93" pin=0"/></net>

<net id="105"><net_src comp="98" pin="1"/><net_sink comp="101" pin=0"/></net>

<net id="106"><net_src comp="18" pin="0"/><net_sink comp="101" pin=1"/></net>

<net id="111"><net_src comp="98" pin="1"/><net_sink comp="107" pin=0"/></net>

<net id="112"><net_src comp="24" pin="0"/><net_sink comp="107" pin=1"/></net>

<net id="117"><net_src comp="107" pin="2"/><net_sink comp="113" pin=0"/></net>

<net id="121"><net_src comp="80" pin="2"/><net_sink comp="118" pin=0"/></net>

<net id="125"><net_src comp="80" pin="2"/><net_sink comp="122" pin=0"/></net>

<net id="132"><net_src comp="28" pin="0"/><net_sink comp="126" pin=0"/></net>

<net id="133"><net_src comp="80" pin="2"/><net_sink comp="126" pin=1"/></net>

<net id="134"><net_src comp="30" pin="0"/><net_sink comp="126" pin=2"/></net>

<net id="135"><net_src comp="32" pin="0"/><net_sink comp="126" pin=3"/></net>

<net id="142"><net_src comp="28" pin="0"/><net_sink comp="136" pin=0"/></net>

<net id="143"><net_src comp="80" pin="2"/><net_sink comp="136" pin=1"/></net>

<net id="144"><net_src comp="34" pin="0"/><net_sink comp="136" pin=2"/></net>

<net id="145"><net_src comp="36" pin="0"/><net_sink comp="136" pin=3"/></net>

<net id="152"><net_src comp="28" pin="0"/><net_sink comp="146" pin=0"/></net>

<net id="153"><net_src comp="80" pin="2"/><net_sink comp="146" pin=1"/></net>

<net id="154"><net_src comp="38" pin="0"/><net_sink comp="146" pin=2"/></net>

<net id="155"><net_src comp="40" pin="0"/><net_sink comp="146" pin=3"/></net>

<net id="162"><net_src comp="42" pin="0"/><net_sink comp="156" pin=0"/></net>

<net id="163"><net_src comp="80" pin="2"/><net_sink comp="156" pin=1"/></net>

<net id="164"><net_src comp="38" pin="0"/><net_sink comp="156" pin=2"/></net>

<net id="165"><net_src comp="44" pin="0"/><net_sink comp="156" pin=3"/></net>

<net id="172"><net_src comp="28" pin="0"/><net_sink comp="166" pin=0"/></net>

<net id="173"><net_src comp="80" pin="2"/><net_sink comp="166" pin=1"/></net>

<net id="174"><net_src comp="46" pin="0"/><net_sink comp="166" pin=2"/></net>

<net id="175"><net_src comp="48" pin="0"/><net_sink comp="166" pin=3"/></net>

<net id="182"><net_src comp="42" pin="0"/><net_sink comp="176" pin=0"/></net>

<net id="183"><net_src comp="80" pin="2"/><net_sink comp="176" pin=1"/></net>

<net id="184"><net_src comp="46" pin="0"/><net_sink comp="176" pin=2"/></net>

<net id="185"><net_src comp="50" pin="0"/><net_sink comp="176" pin=3"/></net>

<net id="192"><net_src comp="28" pin="0"/><net_sink comp="186" pin=0"/></net>

<net id="193"><net_src comp="80" pin="2"/><net_sink comp="186" pin=1"/></net>

<net id="194"><net_src comp="52" pin="0"/><net_sink comp="186" pin=2"/></net>

<net id="195"><net_src comp="54" pin="0"/><net_sink comp="186" pin=3"/></net>

<net id="202"><net_src comp="42" pin="0"/><net_sink comp="196" pin=0"/></net>

<net id="203"><net_src comp="80" pin="2"/><net_sink comp="196" pin=1"/></net>

<net id="204"><net_src comp="52" pin="0"/><net_sink comp="196" pin=2"/></net>

<net id="205"><net_src comp="56" pin="0"/><net_sink comp="196" pin=3"/></net>

<net id="212"><net_src comp="42" pin="0"/><net_sink comp="206" pin=0"/></net>

<net id="213"><net_src comp="80" pin="2"/><net_sink comp="206" pin=1"/></net>

<net id="214"><net_src comp="30" pin="0"/><net_sink comp="206" pin=2"/></net>

<net id="215"><net_src comp="58" pin="0"/><net_sink comp="206" pin=3"/></net>

<net id="222"><net_src comp="42" pin="0"/><net_sink comp="216" pin=0"/></net>

<net id="223"><net_src comp="80" pin="2"/><net_sink comp="216" pin=1"/></net>

<net id="224"><net_src comp="34" pin="0"/><net_sink comp="216" pin=2"/></net>

<net id="225"><net_src comp="60" pin="0"/><net_sink comp="216" pin=3"/></net>

<net id="230"><net_src comp="118" pin="1"/><net_sink comp="226" pin=0"/></net>

<net id="231"><net_src comp="62" pin="0"/><net_sink comp="226" pin=1"/></net>

<net id="237"><net_src comp="226" pin="2"/><net_sink comp="232" pin=0"/></net>

<net id="238"><net_src comp="122" pin="1"/><net_sink comp="232" pin=1"/></net>

<net id="239"><net_src comp="64" pin="0"/><net_sink comp="232" pin=2"/></net>

<net id="244"><net_src comp="146" pin="4"/><net_sink comp="240" pin=0"/></net>

<net id="245"><net_src comp="62" pin="0"/><net_sink comp="240" pin=1"/></net>

<net id="251"><net_src comp="240" pin="2"/><net_sink comp="246" pin=0"/></net>

<net id="252"><net_src comp="156" pin="4"/><net_sink comp="246" pin=1"/></net>

<net id="253"><net_src comp="64" pin="0"/><net_sink comp="246" pin=2"/></net>

<net id="258"><net_src comp="166" pin="4"/><net_sink comp="254" pin=0"/></net>

<net id="259"><net_src comp="62" pin="0"/><net_sink comp="254" pin=1"/></net>

<net id="265"><net_src comp="254" pin="2"/><net_sink comp="260" pin=0"/></net>

<net id="266"><net_src comp="176" pin="4"/><net_sink comp="260" pin=1"/></net>

<net id="267"><net_src comp="64" pin="0"/><net_sink comp="260" pin=2"/></net>

<net id="272"><net_src comp="186" pin="4"/><net_sink comp="268" pin=0"/></net>

<net id="273"><net_src comp="62" pin="0"/><net_sink comp="268" pin=1"/></net>

<net id="279"><net_src comp="268" pin="2"/><net_sink comp="274" pin=0"/></net>

<net id="280"><net_src comp="196" pin="4"/><net_sink comp="274" pin=1"/></net>

<net id="281"><net_src comp="64" pin="0"/><net_sink comp="274" pin=2"/></net>

<net id="286"><net_src comp="126" pin="4"/><net_sink comp="282" pin=0"/></net>

<net id="287"><net_src comp="62" pin="0"/><net_sink comp="282" pin=1"/></net>

<net id="293"><net_src comp="282" pin="2"/><net_sink comp="288" pin=0"/></net>

<net id="294"><net_src comp="206" pin="4"/><net_sink comp="288" pin=1"/></net>

<net id="295"><net_src comp="64" pin="0"/><net_sink comp="288" pin=2"/></net>

<net id="300"><net_src comp="136" pin="4"/><net_sink comp="296" pin=0"/></net>

<net id="301"><net_src comp="62" pin="0"/><net_sink comp="296" pin=1"/></net>

<net id="307"><net_src comp="296" pin="2"/><net_sink comp="302" pin=0"/></net>

<net id="308"><net_src comp="216" pin="4"/><net_sink comp="302" pin=1"/></net>

<net id="309"><net_src comp="64" pin="0"/><net_sink comp="302" pin=2"/></net>

<net id="334"><net_src comp="72" pin="0"/><net_sink comp="325" pin=0"/></net>

<net id="335"><net_src comp="322" pin="1"/><net_sink comp="325" pin=2"/></net>

<net id="336"><net_src comp="319" pin="1"/><net_sink comp="325" pin=3"/></net>

<net id="337"><net_src comp="316" pin="1"/><net_sink comp="325" pin=4"/></net>

<net id="338"><net_src comp="313" pin="1"/><net_sink comp="325" pin=5"/></net>

<net id="339"><net_src comp="310" pin="1"/><net_sink comp="325" pin=6"/></net>

<net id="343"><net_src comp="325" pin="7"/><net_sink comp="340" pin=0"/></net>

<net id="344"><net_src comp="340" pin="1"/><net_sink comp="86" pin=2"/></net>

<net id="348"><net_src comp="76" pin="1"/><net_sink comp="345" pin=0"/></net>

<net id="349"><net_src comp="345" pin="1"/><net_sink comp="93" pin=1"/></net>

<net id="350"><net_src comp="345" pin="1"/><net_sink comp="98" pin=0"/></net>

<net id="351"><net_src comp="345" pin="1"/><net_sink comp="113" pin=1"/></net>

<net id="355"><net_src comp="101" pin="2"/><net_sink comp="352" pin=0"/></net>

<net id="359"><net_src comp="232" pin="3"/><net_sink comp="356" pin=0"/></net>

<net id="360"><net_src comp="356" pin="1"/><net_sink comp="310" pin=0"/></net>

<net id="364"><net_src comp="246" pin="3"/><net_sink comp="361" pin=0"/></net>

<net id="365"><net_src comp="361" pin="1"/><net_sink comp="313" pin=0"/></net>

<net id="369"><net_src comp="260" pin="3"/><net_sink comp="366" pin=0"/></net>

<net id="370"><net_src comp="366" pin="1"/><net_sink comp="316" pin=0"/></net>

<net id="374"><net_src comp="274" pin="3"/><net_sink comp="371" pin=0"/></net>

<net id="375"><net_src comp="371" pin="1"/><net_sink comp="319" pin=0"/></net>

<net id="379"><net_src comp="288" pin="3"/><net_sink comp="376" pin=0"/></net>

<net id="380"><net_src comp="376" pin="1"/><net_sink comp="322" pin=0"/></net>

<net id="384"><net_src comp="302" pin="3"/><net_sink comp="381" pin=0"/></net>

<net id="385"><net_src comp="381" pin="1"/><net_sink comp="325" pin=1"/></net>

</net_list>

</model> 
---------------- Datapath Model END ------------------

* FSMD analyzer results:
  - Output states:
	Port: layer4_out | {3 }
 - Input state : 
	Port: relu<array<ap_fixed,6u>,array<ap_ufixed<8,2,4,0,0>,6u>,relu_config4> : layer2_out | {2 }
  - Chain level:
	State 1
		store_ln41 : 1
		i_1 : 1
		icmp_ln41 : 2
		i_2 : 2
		br_ln41 : 3
		store_ln41 : 3
	State 2
		icmp_ln1649 : 1
		out_data_data : 2
		icmp_ln1649_98 : 1
		out_data_data_15 : 2
		icmp_ln1649_99 : 1
		out_data_data_16 : 2
		icmp_ln1649_100 : 1
		out_data_data_18 : 2
		icmp_ln1649_101 : 1
		out_data_data_19 : 2
		icmp_ln1649_102 : 1
		out_data_data_21 : 2
	State 3
		or_ln57_s : 1
		zext_ln57 : 2
		write_ln57 : 3


============================================================
+ Verbose Summary: Datapath Resource usage 
============================================================

* Functional unit list:
|----------|----------------------------|---------|---------|
| Operation|       Functional Unit      |    FF   |   LUT   |
|----------|----------------------------|---------|---------|
|          |      icmp_ln41_fu_101      |    0    |    11   |
|          |     icmp_ln1649_fu_226     |    0    |    11   |
|          |    icmp_ln1649_98_fu_240   |    0    |    11   |
|   icmp   |    icmp_ln1649_99_fu_254   |    0    |    11   |
|          |   icmp_ln1649_100_fu_268   |    0    |    11   |
|          |   icmp_ln1649_101_fu_282   |    0    |    11   |
|          |   icmp_ln1649_102_fu_296   |    0    |    11   |
|----------|----------------------------|---------|---------|
|          |    out_data_data_fu_232    |    0    |    7    |
|          |   out_data_data_15_fu_246  |    0    |    7    |
|  select  |   out_data_data_16_fu_260  |    0    |    7    |
|          |   out_data_data_18_fu_274  |    0    |    7    |
|          |   out_data_data_19_fu_288  |    0    |    7    |
|          |   out_data_data_21_fu_302  |    0    |    7    |
|----------|----------------------------|---------|---------|
|    add   |         i_2_fu_107         |    0    |    18   |
|----------|----------------------------|---------|---------|
|   read   | layer2_out_read_read_fu_80 |    0    |    0    |
|----------|----------------------------|---------|---------|
|   write  |   write_ln57_write_fu_86   |    0    |    0    |
|----------|----------------------------|---------|---------|
|   trunc  |   out_data_data_22_fu_118  |    0    |    0    |
|          |      trunc_ln45_fu_122     |    0    |    0    |
|----------|----------------------------|---------|---------|
|          |   out_data_data_24_fu_126  |    0    |    0    |
|          |   in_data_data_16_fu_136   |    0    |    0    |
|          |     in_data_data_fu_146    |    0    |    0    |
|          |     trunc_ln44_s_fu_156    |    0    |    0    |
|partselect|   out_data_data_23_fu_166  |    0    |    0    |
|          |     trunc_ln45_4_fu_176    |    0    |    0    |
|          |   in_data_data_15_fu_186   |    0    |    0    |
|          |    trunc_ln44_48_fu_196    |    0    |    0    |
|          |     trunc_ln45_5_fu_206    |    0    |    0    |
|          |    trunc_ln44_49_fu_216    |    0    |    0    |
|----------|----------------------------|---------|---------|
|          |      zext_ln45_fu_310      |    0    |    0    |
|          |      zext_ln51_fu_313      |    0    |    0    |
|   zext   |     zext_ln45_1_fu_316     |    0    |    0    |
|          |     zext_ln51_48_fu_319    |    0    |    0    |
|          |     zext_ln45_2_fu_322     |    0    |    0    |
|          |      zext_ln57_fu_340      |    0    |    0    |
|----------|----------------------------|---------|---------|
|bitconcatenate|      or_ln57_s_fu_325      |    0    |    0    |
|----------|----------------------------|---------|---------|
|   Total  |                            |    0    |   137   |
|----------|----------------------------|---------|---------|

Memories:
N/A

* Register list:
+------------------------+--------+
|                        |   FF   |
+------------------------+--------+
|        i_reg_345       |   11   |
|    icmp_ln41_reg_352   |    1   |
|out_data_data_15_reg_361|    7   |
|out_data_data_16_reg_366|    7   |
|out_data_data_18_reg_371|    7   |
|out_data_data_19_reg_376|    7   |
|out_data_data_21_reg_381|    7   |
|  out_data_data_reg_356 |    7   |
+------------------------+--------+
|          Total         |   54   |
+------------------------+--------+

* Multiplexer (MUX) list: 
|--------|------|------|------|--------|
|  Comp  |  Pin | Size |  BW  | S x BW |
|--------|------|------|------|--------|
|  Total |      |      |      |    0   |
|--------|------|------|------|--------|



* Summary:
+-----------+--------+--------+
|           |   FF   |   LUT  |
+-----------+--------+--------+
|  Function |    0   |   137  |
|   Memory  |    -   |    -   |
|Multiplexer|    -   |    -   |
|  Register |   54   |    -   |
+-----------+--------+--------+
|   Total   |   54   |   137  |
+-----------+--------+--------+
