

================================================================
== Vitis HLS Report for 'dense_array_array_ap_fixed_8_2_5_3_0_98u_config11_Pipeline_DataPrepare'
================================================================
* Date:           Tue May 13 20:25:45 2025

* Version:        2022.2 (Build 3670227 on Oct 13 2022)
* Project:        myproject_prj
* Solution:       solution1 (Vivado IP Flow Target)
* Product family: kintexu
* Target device:  xcku035-fbva676-2-e


================================================================
== Performance Estimates
================================================================
+ Timing: 
    * Summary: 
    +--------+---------+----------+------------+
    |  Clock |  Target | Estimated| Uncertainty|
    +--------+---------+----------+------------+
    |ap_clk  |  5.00 ns|  2.188 ns|     0.62 ns|
    +--------+---------+----------+------------+

+ Latency: 
    * Summary: 
    +---------+---------+-----------+-----------+-----+-----+---------+
    |  Latency (cycles) |   Latency (absolute)  |  Interval | Pipeline|
    |   min   |   max   |    min    |    max    | min | max |   Type  |
    +---------+---------+-----------+-----------+-----+-----+---------+
    |       11|       11|  55.000 ns|  55.000 ns|   11|   11|       no|
    +---------+---------+-----------+-----------+-----+-----+---------+

    + Detail: 
        * Instance: 
        N/A

        * Loop: 
        +---------------+---------+---------+----------+-----------+-----------+------+----------+
        |               |  Latency (cycles) | Iteration|  Initiation Interval  | Trip |          |
        |   Loop Name   |   min   |   max   |  Latency |  achieved |   target  | Count| Pipelined|
        +---------------+---------+---------+----------+-----------+-----------+------+----------+
        |- DataPrepare  |        9|        9|         2|          1|          1|     9|       yes|
        +---------------+---------+---------+----------+-----------+-----------+------+----------+



================================================================
== Utilization Estimates
================================================================
* Summary: 
+-----------------+---------+------+--------+--------+-----+
|       Name      | BRAM_18K|  DSP |   FF   |   LUT  | URAM|
+-----------------+---------+------+--------+--------+-----+
|DSP              |        -|     -|       -|       -|    -|
|Expression       |        -|     -|       0|      25|    -|
|FIFO             |        -|     -|       -|       -|    -|
|Instance         |        -|     -|       -|       -|    -|
|Memory           |        -|     -|       -|       -|    -|
|Multiplexer      |        -|     -|       -|      45|    -|
|Register         |        -|     -|    1163|       -|    -|
+-----------------+---------+------+--------+--------+-----+
|Total            |        0|     0|    1163|      70|    0|
+-----------------+---------+------+--------+--------+-----+
|Available        |     1080|  1700|  406256|  203128|    0|
+-----------------+---------+------+--------+--------+-----+
|Utilization (%)  |        0|     0|      ~0|      ~0|    0|
+-----------------+---------+------+--------+--------+-----+

+ Detail: 
    * Instance: 
    N/A

    * DSP: 
    N/A

    * Memory: 
    N/A

    * FIFO: 
    N/A

    * Expression: 
    +---------------------------+----------+----+---+----+------------+------------+
    |       Variable Name       | Operation| DSP| FF| LUT| Bitwidth P0| Bitwidth P1|
    +---------------------------+----------+----+---+----+------------+------------+
    |add_ln33_fu_2004_p2        |         +|   0|  0|  12|           4|           1|
    |ap_block_pp0_stage0_01001  |       and|   0|  0|   2|           1|           1|
    |icmp_ln33_fu_1998_p2       |      icmp|   0|  0|   9|           4|           4|
    |ap_enable_pp0              |       xor|   0|  0|   2|           1|           2|
    +---------------------------+----------+----+---+----+------------+------------+
    |Total                      |          |   0|  0|  25|          10|           8|
    +---------------------------+----------+----+---+----+------------+------------+

    * Multiplexer: 
    +-------------------------+----+-----------+-----+-----------+
    |           Name          | LUT| Input Size| Bits| Total Bits|
    +-------------------------+----+-----------+-----+-----------+
    |ap_done_int              |   9|          2|    1|          2|
    |ap_enable_reg_pp0_iter1  |   9|          2|    1|          2|
    |ap_sig_allocacmp_i_in_1  |   9|          2|    4|          8|
    |i_in_fu_396              |   9|          2|    4|          8|
    |layer9_out_blk_n         |   9|          2|    1|          2|
    +-------------------------+----+-----------+-----+-----------+
    |Total                    |  45|         10|   11|         22|
    +-------------------------+----+-----------+-----+-----------+

    * Register: 
    +-------------------------+----+----+-----+-----------+
    |           Name          | FF | LUT| Bits| Const Bits|
    +-------------------------+----+----+-----+-----------+
    |ap_CS_fsm                |   1|   0|    1|          0|
    |ap_done_reg              |   1|   0|    1|          0|
    |ap_enable_reg_pp0_iter1  |   1|   0|    1|          0|
    |data_V_146_fu_404        |   8|   0|    8|          0|
    |data_V_147_fu_408        |   8|   0|    8|          0|
    |data_V_148_fu_412        |   8|   0|    8|          0|
    |data_V_149_fu_416        |   8|   0|    8|          0|
    |data_V_150_fu_420        |   8|   0|    8|          0|
    |data_V_151_fu_424        |   8|   0|    8|          0|
    |data_V_152_fu_428        |   8|   0|    8|          0|
    |data_V_153_fu_432        |   8|   0|    8|          0|
    |data_V_154_fu_436        |   8|   0|    8|          0|
    |data_V_155_fu_440        |   8|   0|    8|          0|
    |data_V_156_fu_444        |   8|   0|    8|          0|
    |data_V_157_fu_448        |   8|   0|    8|          0|
    |data_V_158_fu_452        |   8|   0|    8|          0|
    |data_V_159_fu_456        |   8|   0|    8|          0|
    |data_V_160_fu_460        |   8|   0|    8|          0|
    |data_V_161_fu_464        |   8|   0|    8|          0|
    |data_V_162_fu_468        |   8|   0|    8|          0|
    |data_V_163_fu_472        |   8|   0|    8|          0|
    |data_V_164_fu_476        |   8|   0|    8|          0|
    |data_V_165_fu_480        |   8|   0|    8|          0|
    |data_V_166_fu_484        |   8|   0|    8|          0|
    |data_V_167_fu_488        |   8|   0|    8|          0|
    |data_V_168_fu_492        |   8|   0|    8|          0|
    |data_V_169_fu_496        |   8|   0|    8|          0|
    |data_V_170_fu_500        |   8|   0|    8|          0|
    |data_V_171_fu_504        |   8|   0|    8|          0|
    |data_V_172_fu_508        |   8|   0|    8|          0|
    |data_V_173_fu_512        |   8|   0|    8|          0|
    |data_V_174_fu_516        |   8|   0|    8|          0|
    |data_V_175_fu_520        |   8|   0|    8|          0|
    |data_V_176_fu_524        |   8|   0|    8|          0|
    |data_V_177_fu_528        |   8|   0|    8|          0|
    |data_V_178_fu_532        |   8|   0|    8|          0|
    |data_V_179_fu_536        |   8|   0|    8|          0|
    |data_V_180_fu_540        |   8|   0|    8|          0|
    |data_V_181_fu_544        |   8|   0|    8|          0|
    |data_V_182_fu_548        |   8|   0|    8|          0|
    |data_V_183_fu_552        |   8|   0|    8|          0|
    |data_V_184_fu_556        |   8|   0|    8|          0|
    |data_V_185_fu_560        |   8|   0|    8|          0|
    |data_V_186_fu_564        |   8|   0|    8|          0|
    |data_V_187_fu_568        |   8|   0|    8|          0|
    |data_V_188_fu_572        |   8|   0|    8|          0|
    |data_V_189_fu_576        |   8|   0|    8|          0|
    |data_V_190_fu_580        |   8|   0|    8|          0|
    |data_V_191_fu_584        |   8|   0|    8|          0|
    |data_V_192_fu_588        |   8|   0|    8|          0|
    |data_V_193_fu_592        |   8|   0|    8|          0|
    |data_V_194_fu_596        |   8|   0|    8|          0|
    |data_V_195_fu_600        |   8|   0|    8|          0|
    |data_V_196_fu_604        |   8|   0|    8|          0|
    |data_V_197_fu_608        |   8|   0|    8|          0|
    |data_V_198_fu_612        |   8|   0|    8|          0|
    |data_V_199_fu_616        |   8|   0|    8|          0|
    |data_V_200_fu_620        |   8|   0|    8|          0|
    |data_V_201_fu_624        |   8|   0|    8|          0|
    |data_V_202_fu_628        |   8|   0|    8|          0|
    |data_V_203_fu_632        |   8|   0|    8|          0|
    |data_V_204_fu_636        |   8|   0|    8|          0|
    |data_V_205_fu_640        |   8|   0|    8|          0|
    |data_V_206_fu_644        |   8|   0|    8|          0|
    |data_V_207_fu_648        |   8|   0|    8|          0|
    |data_V_208_fu_652        |   8|   0|    8|          0|
    |data_V_209_fu_656        |   8|   0|    8|          0|
    |data_V_210_fu_660        |   8|   0|    8|          0|
    |data_V_211_fu_664        |   8|   0|    8|          0|
    |data_V_212_fu_668        |   8|   0|    8|          0|
    |data_V_213_fu_672        |   8|   0|    8|          0|
    |data_V_214_fu_676        |   8|   0|    8|          0|
    |data_V_215_fu_680        |   8|   0|    8|          0|
    |data_V_216_fu_684        |   8|   0|    8|          0|
    |data_V_217_fu_688        |   8|   0|    8|          0|
    |data_V_218_fu_692        |   8|   0|    8|          0|
    |data_V_219_fu_696        |   8|   0|    8|          0|
    |data_V_220_fu_700        |   8|   0|    8|          0|
    |data_V_221_fu_704        |   8|   0|    8|          0|
    |data_V_222_fu_708        |   8|   0|    8|          0|
    |data_V_223_fu_712        |   8|   0|    8|          0|
    |data_V_224_fu_716        |   8|   0|    8|          0|
    |data_V_225_fu_720        |   8|   0|    8|          0|
    |data_V_226_fu_724        |   8|   0|    8|          0|
    |data_V_227_fu_728        |   8|   0|    8|          0|
    |data_V_228_fu_732        |   8|   0|    8|          0|
    |data_V_229_fu_736        |   8|   0|    8|          0|
    |data_V_230_fu_740        |   8|   0|    8|          0|
    |data_V_231_fu_744        |   8|   0|    8|          0|
    |data_V_232_fu_748        |   8|   0|    8|          0|
    |data_V_233_fu_752        |   8|   0|    8|          0|
    |data_V_234_fu_756        |   8|   0|    8|          0|
    |data_V_235_fu_760        |   8|   0|    8|          0|
    |data_V_236_fu_764        |   8|   0|    8|          0|
    |data_V_237_fu_768        |   8|   0|    8|          0|
    |data_V_238_fu_772        |   8|   0|    8|          0|
    |data_V_239_fu_776        |   8|   0|    8|          0|
    |data_V_240_fu_780        |   8|   0|    8|          0|
    |data_V_241_fu_784        |   8|   0|    8|          0|
    |data_V_242_fu_788        |   8|   0|    8|          0|
    |data_V_243_fu_792        |   8|   0|    8|          0|
    |data_V_244_fu_796        |   8|   0|    8|          0|
    |data_V_245_fu_800        |   8|   0|    8|          0|
    |data_V_246_fu_804        |   8|   0|    8|          0|
    |data_V_247_fu_808        |   8|   0|    8|          0|
    |data_V_248_fu_812        |   8|   0|    8|          0|
    |data_V_249_fu_816        |   8|   0|    8|          0|
    |data_V_250_fu_820        |   8|   0|    8|          0|
    |data_V_251_fu_824        |   8|   0|    8|          0|
    |data_V_252_fu_828        |   8|   0|    8|          0|
    |data_V_253_fu_832        |   8|   0|    8|          0|
    |data_V_254_fu_836        |   8|   0|    8|          0|
    |data_V_255_fu_840        |   8|   0|    8|          0|
    |data_V_256_fu_844        |   8|   0|    8|          0|
    |data_V_257_fu_848        |   8|   0|    8|          0|
    |data_V_258_fu_852        |   8|   0|    8|          0|
    |data_V_259_fu_856        |   8|   0|    8|          0|
    |data_V_260_fu_860        |   8|   0|    8|          0|
    |data_V_261_fu_864        |   8|   0|    8|          0|
    |data_V_262_fu_868        |   8|   0|    8|          0|
    |data_V_263_fu_872        |   8|   0|    8|          0|
    |data_V_264_fu_876        |   8|   0|    8|          0|
    |data_V_265_fu_880        |   8|   0|    8|          0|
    |data_V_266_fu_884        |   8|   0|    8|          0|
    |data_V_267_fu_888        |   8|   0|    8|          0|
    |data_V_268_fu_892        |   8|   0|    8|          0|
    |data_V_269_fu_896        |   8|   0|    8|          0|
    |data_V_270_fu_900        |   8|   0|    8|          0|
    |data_V_271_fu_904        |   8|   0|    8|          0|
    |data_V_272_fu_908        |   8|   0|    8|          0|
    |data_V_273_fu_912        |   8|   0|    8|          0|
    |data_V_274_fu_916        |   8|   0|    8|          0|
    |data_V_275_fu_920        |   8|   0|    8|          0|
    |data_V_276_fu_924        |   8|   0|    8|          0|
    |data_V_277_fu_928        |   8|   0|    8|          0|
    |data_V_278_fu_932        |   8|   0|    8|          0|
    |data_V_279_fu_936        |   8|   0|    8|          0|
    |data_V_280_fu_940        |   8|   0|    8|          0|
    |data_V_281_fu_944        |   8|   0|    8|          0|
    |data_V_282_fu_948        |   8|   0|    8|          0|
    |data_V_283_fu_952        |   8|   0|    8|          0|
    |data_V_284_fu_956        |   8|   0|    8|          0|
    |data_V_285_fu_960        |   8|   0|    8|          0|
    |data_V_286_fu_964        |   8|   0|    8|          0|
    |data_V_287_fu_968        |   8|   0|    8|          0|
    |data_V_288_fu_972        |   8|   0|    8|          0|
    |data_V_fu_400            |   8|   0|    8|          0|
    |i_in_1_reg_4336          |   4|   0|    4|          0|
    |i_in_fu_396              |   4|   0|    4|          0|
    +-------------------------+----+----+-----+-----------+
    |Total                    |1163|   0| 1163|          0|
    +-------------------------+----+----+-----+-----------+



================================================================
== Interface
================================================================
* Summary: 
+---------------------------+-----+-----+------------+---------------------------------------------------------------------------+--------------+
|         RTL Ports         | Dir | Bits|  Protocol  |                               Source Object                               |    C Type    |
+---------------------------+-----+-----+------------+---------------------------------------------------------------------------+--------------+
|ap_clk                     |   in|    1|  ap_ctrl_hs|  dense<array,array<ap_fixed<8,2,5,3,0>,98u>,config11>_Pipeline_DataPrepare|  return value|
|ap_rst                     |   in|    1|  ap_ctrl_hs|  dense<array,array<ap_fixed<8,2,5,3,0>,98u>,config11>_Pipeline_DataPrepare|  return value|
|ap_start                   |   in|    1|  ap_ctrl_hs|  dense<array,array<ap_fixed<8,2,5,3,0>,98u>,config11>_Pipeline_DataPrepare|  return value|
|ap_done                    |  out|    1|  ap_ctrl_hs|  dense<array,array<ap_fixed<8,2,5,3,0>,98u>,config11>_Pipeline_DataPrepare|  return value|
|ap_idle                    |  out|    1|  ap_ctrl_hs|  dense<array,array<ap_fixed<8,2,5,3,0>,98u>,config11>_Pipeline_DataPrepare|  return value|
|ap_ready                   |  out|    1|  ap_ctrl_hs|  dense<array,array<ap_fixed<8,2,5,3,0>,98u>,config11>_Pipeline_DataPrepare|  return value|
|layer9_out_dout            |   in|  128|     ap_fifo|                                                                 layer9_out|       pointer|
|layer9_out_num_data_valid  |   in|    5|     ap_fifo|                                                                 layer9_out|       pointer|
|layer9_out_fifo_cap        |   in|    5|     ap_fifo|                                                                 layer9_out|       pointer|
|layer9_out_empty_n         |   in|    1|     ap_fifo|                                                                 layer9_out|       pointer|
|layer9_out_read            |  out|    1|     ap_fifo|                                                                 layer9_out|       pointer|
|data_V_288_out             |  out|    8|      ap_vld|                                                             data_V_288_out|       pointer|
|data_V_288_out_ap_vld      |  out|    1|      ap_vld|                                                             data_V_288_out|       pointer|
|data_V_287_out             |  out|    8|      ap_vld|                                                             data_V_287_out|       pointer|
|data_V_287_out_ap_vld      |  out|    1|      ap_vld|                                                             data_V_287_out|       pointer|
|data_V_286_out             |  out|    8|      ap_vld|                                                             data_V_286_out|       pointer|
|data_V_286_out_ap_vld      |  out|    1|      ap_vld|                                                             data_V_286_out|       pointer|
|data_V_285_out             |  out|    8|      ap_vld|                                                             data_V_285_out|       pointer|
|data_V_285_out_ap_vld      |  out|    1|      ap_vld|                                                             data_V_285_out|       pointer|
|data_V_284_out             |  out|    8|      ap_vld|                                                             data_V_284_out|       pointer|
|data_V_284_out_ap_vld      |  out|    1|      ap_vld|                                                             data_V_284_out|       pointer|
|data_V_283_out             |  out|    8|      ap_vld|                                                             data_V_283_out|       pointer|
|data_V_283_out_ap_vld      |  out|    1|      ap_vld|                                                             data_V_283_out|       pointer|
|data_V_282_out             |  out|    8|      ap_vld|                                                             data_V_282_out|       pointer|
|data_V_282_out_ap_vld      |  out|    1|      ap_vld|                                                             data_V_282_out|       pointer|
|data_V_281_out             |  out|    8|      ap_vld|                                                             data_V_281_out|       pointer|
|data_V_281_out_ap_vld      |  out|    1|      ap_vld|                                                             data_V_281_out|       pointer|
|data_V_280_out             |  out|    8|      ap_vld|                                                             data_V_280_out|       pointer|
|data_V_280_out_ap_vld      |  out|    1|      ap_vld|                                                             data_V_280_out|       pointer|
|data_V_279_out             |  out|    8|      ap_vld|                                                             data_V_279_out|       pointer|
|data_V_279_out_ap_vld      |  out|    1|      ap_vld|                                                             data_V_279_out|       pointer|
|data_V_278_out             |  out|    8|      ap_vld|                                                             data_V_278_out|       pointer|
|data_V_278_out_ap_vld      |  out|    1|      ap_vld|                                                             data_V_278_out|       pointer|
|data_V_277_out             |  out|    8|      ap_vld|                                                             data_V_277_out|       pointer|
|data_V_277_out_ap_vld      |  out|    1|      ap_vld|                                                             data_V_277_out|       pointer|
|data_V_276_out             |  out|    8|      ap_vld|                                                             data_V_276_out|       pointer|
|data_V_276_out_ap_vld      |  out|    1|      ap_vld|                                                             data_V_276_out|       pointer|
|data_V_275_out             |  out|    8|      ap_vld|                                                             data_V_275_out|       pointer|
|data_V_275_out_ap_vld      |  out|    1|      ap_vld|                                                             data_V_275_out|       pointer|
|data_V_274_out             |  out|    8|      ap_vld|                                                             data_V_274_out|       pointer|
|data_V_274_out_ap_vld      |  out|    1|      ap_vld|                                                             data_V_274_out|       pointer|
|data_V_273_out             |  out|    8|      ap_vld|                                                             data_V_273_out|       pointer|
|data_V_273_out_ap_vld      |  out|    1|      ap_vld|                                                             data_V_273_out|       pointer|
|data_V_272_out             |  out|    8|      ap_vld|                                                             data_V_272_out|       pointer|
|data_V_272_out_ap_vld      |  out|    1|      ap_vld|                                                             data_V_272_out|       pointer|
|data_V_271_out             |  out|    8|      ap_vld|                                                             data_V_271_out|       pointer|
|data_V_271_out_ap_vld      |  out|    1|      ap_vld|                                                             data_V_271_out|       pointer|
|data_V_270_out             |  out|    8|      ap_vld|                                                             data_V_270_out|       pointer|
|data_V_270_out_ap_vld      |  out|    1|      ap_vld|                                                             data_V_270_out|       pointer|
|data_V_269_out             |  out|    8|      ap_vld|                                                             data_V_269_out|       pointer|
|data_V_269_out_ap_vld      |  out|    1|      ap_vld|                                                             data_V_269_out|       pointer|
|data_V_268_out             |  out|    8|      ap_vld|                                                             data_V_268_out|       pointer|
|data_V_268_out_ap_vld      |  out|    1|      ap_vld|                                                             data_V_268_out|       pointer|
|data_V_267_out             |  out|    8|      ap_vld|                                                             data_V_267_out|       pointer|
|data_V_267_out_ap_vld      |  out|    1|      ap_vld|                                                             data_V_267_out|       pointer|
|data_V_266_out             |  out|    8|      ap_vld|                                                             data_V_266_out|       pointer|
|data_V_266_out_ap_vld      |  out|    1|      ap_vld|                                                             data_V_266_out|       pointer|
|data_V_265_out             |  out|    8|      ap_vld|                                                             data_V_265_out|       pointer|
|data_V_265_out_ap_vld      |  out|    1|      ap_vld|                                                             data_V_265_out|       pointer|
|data_V_264_out             |  out|    8|      ap_vld|                                                             data_V_264_out|       pointer|
|data_V_264_out_ap_vld      |  out|    1|      ap_vld|                                                             data_V_264_out|       pointer|
|data_V_263_out             |  out|    8|      ap_vld|                                                             data_V_263_out|       pointer|
|data_V_263_out_ap_vld      |  out|    1|      ap_vld|                                                             data_V_263_out|       pointer|
|data_V_262_out             |  out|    8|      ap_vld|                                                             data_V_262_out|       pointer|
|data_V_262_out_ap_vld      |  out|    1|      ap_vld|                                                             data_V_262_out|       pointer|
|data_V_261_out             |  out|    8|      ap_vld|                                                             data_V_261_out|       pointer|
|data_V_261_out_ap_vld      |  out|    1|      ap_vld|                                                             data_V_261_out|       pointer|
|data_V_260_out             |  out|    8|      ap_vld|                                                             data_V_260_out|       pointer|
|data_V_260_out_ap_vld      |  out|    1|      ap_vld|                                                             data_V_260_out|       pointer|
|data_V_259_out             |  out|    8|      ap_vld|                                                             data_V_259_out|       pointer|
|data_V_259_out_ap_vld      |  out|    1|      ap_vld|                                                             data_V_259_out|       pointer|
|data_V_258_out             |  out|    8|      ap_vld|                                                             data_V_258_out|       pointer|
|data_V_258_out_ap_vld      |  out|    1|      ap_vld|                                                             data_V_258_out|       pointer|
|data_V_257_out             |  out|    8|      ap_vld|                                                             data_V_257_out|       pointer|
|data_V_257_out_ap_vld      |  out|    1|      ap_vld|                                                             data_V_257_out|       pointer|
|data_V_256_out             |  out|    8|      ap_vld|                                                             data_V_256_out|       pointer|
|data_V_256_out_ap_vld      |  out|    1|      ap_vld|                                                             data_V_256_out|       pointer|
|data_V_255_out             |  out|    8|      ap_vld|                                                             data_V_255_out|       pointer|
|data_V_255_out_ap_vld      |  out|    1|      ap_vld|                                                             data_V_255_out|       pointer|
|data_V_254_out             |  out|    8|      ap_vld|                                                             data_V_254_out|       pointer|
|data_V_254_out_ap_vld      |  out|    1|      ap_vld|                                                             data_V_254_out|       pointer|
|data_V_253_out             |  out|    8|      ap_vld|                                                             data_V_253_out|       pointer|
|data_V_253_out_ap_vld      |  out|    1|      ap_vld|                                                             data_V_253_out|       pointer|
|data_V_252_out             |  out|    8|      ap_vld|                                                             data_V_252_out|       pointer|
|data_V_252_out_ap_vld      |  out|    1|      ap_vld|                                                             data_V_252_out|       pointer|
|data_V_251_out             |  out|    8|      ap_vld|                                                             data_V_251_out|       pointer|
|data_V_251_out_ap_vld      |  out|    1|      ap_vld|                                                             data_V_251_out|       pointer|
|data_V_250_out             |  out|    8|      ap_vld|                                                             data_V_250_out|       pointer|
|data_V_250_out_ap_vld      |  out|    1|      ap_vld|                                                             data_V_250_out|       pointer|
|data_V_249_out             |  out|    8|      ap_vld|                                                             data_V_249_out|       pointer|
|data_V_249_out_ap_vld      |  out|    1|      ap_vld|                                                             data_V_249_out|       pointer|
|data_V_248_out             |  out|    8|      ap_vld|                                                             data_V_248_out|       pointer|
|data_V_248_out_ap_vld      |  out|    1|      ap_vld|                                                             data_V_248_out|       pointer|
|data_V_247_out             |  out|    8|      ap_vld|                                                             data_V_247_out|       pointer|
|data_V_247_out_ap_vld      |  out|    1|      ap_vld|                                                             data_V_247_out|       pointer|
|data_V_246_out             |  out|    8|      ap_vld|                                                             data_V_246_out|       pointer|
|data_V_246_out_ap_vld      |  out|    1|      ap_vld|                                                             data_V_246_out|       pointer|
|data_V_245_out             |  out|    8|      ap_vld|                                                             data_V_245_out|       pointer|
|data_V_245_out_ap_vld      |  out|    1|      ap_vld|                                                             data_V_245_out|       pointer|
|data_V_244_out             |  out|    8|      ap_vld|                                                             data_V_244_out|       pointer|
|data_V_244_out_ap_vld      |  out|    1|      ap_vld|                                                             data_V_244_out|       pointer|
|data_V_243_out             |  out|    8|      ap_vld|                                                             data_V_243_out|       pointer|
|data_V_243_out_ap_vld      |  out|    1|      ap_vld|                                                             data_V_243_out|       pointer|
|data_V_242_out             |  out|    8|      ap_vld|                                                             data_V_242_out|       pointer|
|data_V_242_out_ap_vld      |  out|    1|      ap_vld|                                                             data_V_242_out|       pointer|
|data_V_241_out             |  out|    8|      ap_vld|                                                             data_V_241_out|       pointer|
|data_V_241_out_ap_vld      |  out|    1|      ap_vld|                                                             data_V_241_out|       pointer|
|data_V_240_out             |  out|    8|      ap_vld|                                                             data_V_240_out|       pointer|
|data_V_240_out_ap_vld      |  out|    1|      ap_vld|                                                             data_V_240_out|       pointer|
|data_V_239_out             |  out|    8|      ap_vld|                                                             data_V_239_out|       pointer|
|data_V_239_out_ap_vld      |  out|    1|      ap_vld|                                                             data_V_239_out|       pointer|
|data_V_238_out             |  out|    8|      ap_vld|                                                             data_V_238_out|       pointer|
|data_V_238_out_ap_vld      |  out|    1|      ap_vld|                                                             data_V_238_out|       pointer|
|data_V_237_out             |  out|    8|      ap_vld|                                                             data_V_237_out|       pointer|
|data_V_237_out_ap_vld      |  out|    1|      ap_vld|                                                             data_V_237_out|       pointer|
|data_V_236_out             |  out|    8|      ap_vld|                                                             data_V_236_out|       pointer|
|data_V_236_out_ap_vld      |  out|    1|      ap_vld|                                                             data_V_236_out|       pointer|
|data_V_235_out             |  out|    8|      ap_vld|                                                             data_V_235_out|       pointer|
|data_V_235_out_ap_vld      |  out|    1|      ap_vld|                                                             data_V_235_out|       pointer|
|data_V_234_out             |  out|    8|      ap_vld|                                                             data_V_234_out|       pointer|
|data_V_234_out_ap_vld      |  out|    1|      ap_vld|                                                             data_V_234_out|       pointer|
|data_V_233_out             |  out|    8|      ap_vld|                                                             data_V_233_out|       pointer|
|data_V_233_out_ap_vld      |  out|    1|      ap_vld|                                                             data_V_233_out|       pointer|
|data_V_232_out             |  out|    8|      ap_vld|                                                             data_V_232_out|       pointer|
|data_V_232_out_ap_vld      |  out|    1|      ap_vld|                                                             data_V_232_out|       pointer|
|data_V_231_out             |  out|    8|      ap_vld|                                                             data_V_231_out|       pointer|
|data_V_231_out_ap_vld      |  out|    1|      ap_vld|                                                             data_V_231_out|       pointer|
|data_V_230_out             |  out|    8|      ap_vld|                                                             data_V_230_out|       pointer|
|data_V_230_out_ap_vld      |  out|    1|      ap_vld|                                                             data_V_230_out|       pointer|
|data_V_229_out             |  out|    8|      ap_vld|                                                             data_V_229_out|       pointer|
|data_V_229_out_ap_vld      |  out|    1|      ap_vld|                                                             data_V_229_out|       pointer|
|data_V_228_out             |  out|    8|      ap_vld|                                                             data_V_228_out|       pointer|
|data_V_228_out_ap_vld      |  out|    1|      ap_vld|                                                             data_V_228_out|       pointer|
|data_V_227_out             |  out|    8|      ap_vld|                                                             data_V_227_out|       pointer|
|data_V_227_out_ap_vld      |  out|    1|      ap_vld|                                                             data_V_227_out|       pointer|
|data_V_226_out             |  out|    8|      ap_vld|                                                             data_V_226_out|       pointer|
|data_V_226_out_ap_vld      |  out|    1|      ap_vld|                                                             data_V_226_out|       pointer|
|data_V_225_out             |  out|    8|      ap_vld|                                                             data_V_225_out|       pointer|
|data_V_225_out_ap_vld      |  out|    1|      ap_vld|                                                             data_V_225_out|       pointer|
|data_V_224_out             |  out|    8|      ap_vld|                                                             data_V_224_out|       pointer|
|data_V_224_out_ap_vld      |  out|    1|      ap_vld|                                                             data_V_224_out|       pointer|
|data_V_223_out             |  out|    8|      ap_vld|                                                             data_V_223_out|       pointer|
|data_V_223_out_ap_vld      |  out|    1|      ap_vld|                                                             data_V_223_out|       pointer|
|data_V_222_out             |  out|    8|      ap_vld|                                                             data_V_222_out|       pointer|
|data_V_222_out_ap_vld      |  out|    1|      ap_vld|                                                             data_V_222_out|       pointer|
|data_V_221_out             |  out|    8|      ap_vld|                                                             data_V_221_out|       pointer|
|data_V_221_out_ap_vld      |  out|    1|      ap_vld|                                                             data_V_221_out|       pointer|
|data_V_220_out             |  out|    8|      ap_vld|                                                             data_V_220_out|       pointer|
|data_V_220_out_ap_vld      |  out|    1|      ap_vld|                                                             data_V_220_out|       pointer|
|data_V_219_out             |  out|    8|      ap_vld|                                                             data_V_219_out|       pointer|
|data_V_219_out_ap_vld      |  out|    1|      ap_vld|                                                             data_V_219_out|       pointer|
|data_V_218_out             |  out|    8|      ap_vld|                                                             data_V_218_out|       pointer|
|data_V_218_out_ap_vld      |  out|    1|      ap_vld|                                                             data_V_218_out|       pointer|
|data_V_217_out             |  out|    8|      ap_vld|                                                             data_V_217_out|       pointer|
|data_V_217_out_ap_vld      |  out|    1|      ap_vld|                                                             data_V_217_out|       pointer|
|data_V_216_out             |  out|    8|      ap_vld|                                                             data_V_216_out|       pointer|
|data_V_216_out_ap_vld      |  out|    1|      ap_vld|                                                             data_V_216_out|       pointer|
|data_V_215_out             |  out|    8|      ap_vld|                                                             data_V_215_out|       pointer|
|data_V_215_out_ap_vld      |  out|    1|      ap_vld|                                                             data_V_215_out|       pointer|
|data_V_214_out             |  out|    8|      ap_vld|                                                             data_V_214_out|       pointer|
|data_V_214_out_ap_vld      |  out|    1|      ap_vld|                                                             data_V_214_out|       pointer|
|data_V_213_out             |  out|    8|      ap_vld|                                                             data_V_213_out|       pointer|
|data_V_213_out_ap_vld      |  out|    1|      ap_vld|                                                             data_V_213_out|       pointer|
|data_V_212_out             |  out|    8|      ap_vld|                                                             data_V_212_out|       pointer|
|data_V_212_out_ap_vld      |  out|    1|      ap_vld|                                                             data_V_212_out|       pointer|
|data_V_211_out             |  out|    8|      ap_vld|                                                             data_V_211_out|       pointer|
|data_V_211_out_ap_vld      |  out|    1|      ap_vld|                                                             data_V_211_out|       pointer|
|data_V_210_out             |  out|    8|      ap_vld|                                                             data_V_210_out|       pointer|
|data_V_210_out_ap_vld      |  out|    1|      ap_vld|                                                             data_V_210_out|       pointer|
|data_V_209_out             |  out|    8|      ap_vld|                                                             data_V_209_out|       pointer|
|data_V_209_out_ap_vld      |  out|    1|      ap_vld|                                                             data_V_209_out|       pointer|
|data_V_208_out             |  out|    8|      ap_vld|                                                             data_V_208_out|       pointer|
|data_V_208_out_ap_vld      |  out|    1|      ap_vld|                                                             data_V_208_out|       pointer|
|data_V_207_out             |  out|    8|      ap_vld|                                                             data_V_207_out|       pointer|
|data_V_207_out_ap_vld      |  out|    1|      ap_vld|                                                             data_V_207_out|       pointer|
|data_V_206_out             |  out|    8|      ap_vld|                                                             data_V_206_out|       pointer|
|data_V_206_out_ap_vld      |  out|    1|      ap_vld|                                                             data_V_206_out|       pointer|
|data_V_205_out             |  out|    8|      ap_vld|                                                             data_V_205_out|       pointer|
|data_V_205_out_ap_vld      |  out|    1|      ap_vld|                                                             data_V_205_out|       pointer|
|data_V_204_out             |  out|    8|      ap_vld|                                                             data_V_204_out|       pointer|
|data_V_204_out_ap_vld      |  out|    1|      ap_vld|                                                             data_V_204_out|       pointer|
|data_V_203_out             |  out|    8|      ap_vld|                                                             data_V_203_out|       pointer|
|data_V_203_out_ap_vld      |  out|    1|      ap_vld|                                                             data_V_203_out|       pointer|
|data_V_202_out             |  out|    8|      ap_vld|                                                             data_V_202_out|       pointer|
|data_V_202_out_ap_vld      |  out|    1|      ap_vld|                                                             data_V_202_out|       pointer|
|data_V_201_out             |  out|    8|      ap_vld|                                                             data_V_201_out|       pointer|
|data_V_201_out_ap_vld      |  out|    1|      ap_vld|                                                             data_V_201_out|       pointer|
|data_V_200_out             |  out|    8|      ap_vld|                                                             data_V_200_out|       pointer|
|data_V_200_out_ap_vld      |  out|    1|      ap_vld|                                                             data_V_200_out|       pointer|
|data_V_199_out             |  out|    8|      ap_vld|                                                             data_V_199_out|       pointer|
|data_V_199_out_ap_vld      |  out|    1|      ap_vld|                                                             data_V_199_out|       pointer|
|data_V_198_out             |  out|    8|      ap_vld|                                                             data_V_198_out|       pointer|
|data_V_198_out_ap_vld      |  out|    1|      ap_vld|                                                             data_V_198_out|       pointer|
|data_V_197_out             |  out|    8|      ap_vld|                                                             data_V_197_out|       pointer|
|data_V_197_out_ap_vld      |  out|    1|      ap_vld|                                                             data_V_197_out|       pointer|
|data_V_196_out             |  out|    8|      ap_vld|                                                             data_V_196_out|       pointer|
|data_V_196_out_ap_vld      |  out|    1|      ap_vld|                                                             data_V_196_out|       pointer|
|data_V_195_out             |  out|    8|      ap_vld|                                                             data_V_195_out|       pointer|
|data_V_195_out_ap_vld      |  out|    1|      ap_vld|                                                             data_V_195_out|       pointer|
|data_V_194_out             |  out|    8|      ap_vld|                                                             data_V_194_out|       pointer|
|data_V_194_out_ap_vld      |  out|    1|      ap_vld|                                                             data_V_194_out|       pointer|
|data_V_193_out             |  out|    8|      ap_vld|                                                             data_V_193_out|       pointer|
|data_V_193_out_ap_vld      |  out|    1|      ap_vld|                                                             data_V_193_out|       pointer|
|data_V_192_out             |  out|    8|      ap_vld|                                                             data_V_192_out|       pointer|
|data_V_192_out_ap_vld      |  out|    1|      ap_vld|                                                             data_V_192_out|       pointer|
|data_V_191_out             |  out|    8|      ap_vld|                                                             data_V_191_out|       pointer|
|data_V_191_out_ap_vld      |  out|    1|      ap_vld|                                                             data_V_191_out|       pointer|
|data_V_190_out             |  out|    8|      ap_vld|                                                             data_V_190_out|       pointer|
|data_V_190_out_ap_vld      |  out|    1|      ap_vld|                                                             data_V_190_out|       pointer|
|data_V_189_out             |  out|    8|      ap_vld|                                                             data_V_189_out|       pointer|
|data_V_189_out_ap_vld      |  out|    1|      ap_vld|                                                             data_V_189_out|       pointer|
|data_V_188_out             |  out|    8|      ap_vld|                                                             data_V_188_out|       pointer|
|data_V_188_out_ap_vld      |  out|    1|      ap_vld|                                                             data_V_188_out|       pointer|
|data_V_187_out             |  out|    8|      ap_vld|                                                             data_V_187_out|       pointer|
|data_V_187_out_ap_vld      |  out|    1|      ap_vld|                                                             data_V_187_out|       pointer|
|data_V_186_out             |  out|    8|      ap_vld|                                                             data_V_186_out|       pointer|
|data_V_186_out_ap_vld      |  out|    1|      ap_vld|                                                             data_V_186_out|       pointer|
|data_V_185_out             |  out|    8|      ap_vld|                                                             data_V_185_out|       pointer|
|data_V_185_out_ap_vld      |  out|    1|      ap_vld|                                                             data_V_185_out|       pointer|
|data_V_184_out             |  out|    8|      ap_vld|                                                             data_V_184_out|       pointer|
|data_V_184_out_ap_vld      |  out|    1|      ap_vld|                                                             data_V_184_out|       pointer|
|data_V_183_out             |  out|    8|      ap_vld|                                                             data_V_183_out|       pointer|
|data_V_183_out_ap_vld      |  out|    1|      ap_vld|                                                             data_V_183_out|       pointer|
|data_V_182_out             |  out|    8|      ap_vld|                                                             data_V_182_out|       pointer|
|data_V_182_out_ap_vld      |  out|    1|      ap_vld|                                                             data_V_182_out|       pointer|
|data_V_181_out             |  out|    8|      ap_vld|                                                             data_V_181_out|       pointer|
|data_V_181_out_ap_vld      |  out|    1|      ap_vld|                                                             data_V_181_out|       pointer|
|data_V_180_out             |  out|    8|      ap_vld|                                                             data_V_180_out|       pointer|
|data_V_180_out_ap_vld      |  out|    1|      ap_vld|                                                             data_V_180_out|       pointer|
|data_V_179_out             |  out|    8|      ap_vld|                                                             data_V_179_out|       pointer|
|data_V_179_out_ap_vld      |  out|    1|      ap_vld|                                                             data_V_179_out|       pointer|
|data_V_178_out             |  out|    8|      ap_vld|                                                             data_V_178_out|       pointer|
|data_V_178_out_ap_vld      |  out|    1|      ap_vld|                                                             data_V_178_out|       pointer|
|data_V_177_out             |  out|    8|      ap_vld|                                                             data_V_177_out|       pointer|
|data_V_177_out_ap_vld      |  out|    1|      ap_vld|                                                             data_V_177_out|       pointer|
|data_V_176_out             |  out|    8|      ap_vld|                                                             data_V_176_out|       pointer|
|data_V_176_out_ap_vld      |  out|    1|      ap_vld|                                                             data_V_176_out|       pointer|
|data_V_175_out             |  out|    8|      ap_vld|                                                             data_V_175_out|       pointer|
|data_V_175_out_ap_vld      |  out|    1|      ap_vld|                                                             data_V_175_out|       pointer|
|data_V_174_out             |  out|    8|      ap_vld|                                                             data_V_174_out|       pointer|
|data_V_174_out_ap_vld      |  out|    1|      ap_vld|                                                             data_V_174_out|       pointer|
|data_V_173_out             |  out|    8|      ap_vld|                                                             data_V_173_out|       pointer|
|data_V_173_out_ap_vld      |  out|    1|      ap_vld|                                                             data_V_173_out|       pointer|
|data_V_172_out             |  out|    8|      ap_vld|                                                             data_V_172_out|       pointer|
|data_V_172_out_ap_vld      |  out|    1|      ap_vld|                                                             data_V_172_out|       pointer|
|data_V_171_out             |  out|    8|      ap_vld|                                                             data_V_171_out|       pointer|
|data_V_171_out_ap_vld      |  out|    1|      ap_vld|                                                             data_V_171_out|       pointer|
|data_V_170_out             |  out|    8|      ap_vld|                                                             data_V_170_out|       pointer|
|data_V_170_out_ap_vld      |  out|    1|      ap_vld|                                                             data_V_170_out|       pointer|
|data_V_169_out             |  out|    8|      ap_vld|                                                             data_V_169_out|       pointer|
|data_V_169_out_ap_vld      |  out|    1|      ap_vld|                                                             data_V_169_out|       pointer|
|data_V_168_out             |  out|    8|      ap_vld|                                                             data_V_168_out|       pointer|
|data_V_168_out_ap_vld      |  out|    1|      ap_vld|                                                             data_V_168_out|       pointer|
|data_V_167_out             |  out|    8|      ap_vld|                                                             data_V_167_out|       pointer|
|data_V_167_out_ap_vld      |  out|    1|      ap_vld|                                                             data_V_167_out|       pointer|
|data_V_166_out             |  out|    8|      ap_vld|                                                             data_V_166_out|       pointer|
|data_V_166_out_ap_vld      |  out|    1|      ap_vld|                                                             data_V_166_out|       pointer|
|data_V_165_out             |  out|    8|      ap_vld|                                                             data_V_165_out|       pointer|
|data_V_165_out_ap_vld      |  out|    1|      ap_vld|                                                             data_V_165_out|       pointer|
|data_V_164_out             |  out|    8|      ap_vld|                                                             data_V_164_out|       pointer|
|data_V_164_out_ap_vld      |  out|    1|      ap_vld|                                                             data_V_164_out|       pointer|
|data_V_163_out             |  out|    8|      ap_vld|                                                             data_V_163_out|       pointer|
|data_V_163_out_ap_vld      |  out|    1|      ap_vld|                                                             data_V_163_out|       pointer|
|data_V_162_out             |  out|    8|      ap_vld|                                                             data_V_162_out|       pointer|
|data_V_162_out_ap_vld      |  out|    1|      ap_vld|                                                             data_V_162_out|       pointer|
|data_V_161_out             |  out|    8|      ap_vld|                                                             data_V_161_out|       pointer|
|data_V_161_out_ap_vld      |  out|    1|      ap_vld|                                                             data_V_161_out|       pointer|
|data_V_160_out             |  out|    8|      ap_vld|                                                             data_V_160_out|       pointer|
|data_V_160_out_ap_vld      |  out|    1|      ap_vld|                                                             data_V_160_out|       pointer|
|data_V_159_out             |  out|    8|      ap_vld|                                                             data_V_159_out|       pointer|
|data_V_159_out_ap_vld      |  out|    1|      ap_vld|                                                             data_V_159_out|       pointer|
|data_V_158_out             |  out|    8|      ap_vld|                                                             data_V_158_out|       pointer|
|data_V_158_out_ap_vld      |  out|    1|      ap_vld|                                                             data_V_158_out|       pointer|
|data_V_157_out             |  out|    8|      ap_vld|                                                             data_V_157_out|       pointer|
|data_V_157_out_ap_vld      |  out|    1|      ap_vld|                                                             data_V_157_out|       pointer|
|data_V_156_out             |  out|    8|      ap_vld|                                                             data_V_156_out|       pointer|
|data_V_156_out_ap_vld      |  out|    1|      ap_vld|                                                             data_V_156_out|       pointer|
|data_V_155_out             |  out|    8|      ap_vld|                                                             data_V_155_out|       pointer|
|data_V_155_out_ap_vld      |  out|    1|      ap_vld|                                                             data_V_155_out|       pointer|
|data_V_154_out             |  out|    8|      ap_vld|                                                             data_V_154_out|       pointer|
|data_V_154_out_ap_vld      |  out|    1|      ap_vld|                                                             data_V_154_out|       pointer|
|data_V_153_out             |  out|    8|      ap_vld|                                                             data_V_153_out|       pointer|
|data_V_153_out_ap_vld      |  out|    1|      ap_vld|                                                             data_V_153_out|       pointer|
|data_V_152_out             |  out|    8|      ap_vld|                                                             data_V_152_out|       pointer|
|data_V_152_out_ap_vld      |  out|    1|      ap_vld|                                                             data_V_152_out|       pointer|
|data_V_151_out             |  out|    8|      ap_vld|                                                             data_V_151_out|       pointer|
|data_V_151_out_ap_vld      |  out|    1|      ap_vld|                                                             data_V_151_out|       pointer|
|data_V_150_out             |  out|    8|      ap_vld|                                                             data_V_150_out|       pointer|
|data_V_150_out_ap_vld      |  out|    1|      ap_vld|                                                             data_V_150_out|       pointer|
|data_V_149_out             |  out|    8|      ap_vld|                                                             data_V_149_out|       pointer|
|data_V_149_out_ap_vld      |  out|    1|      ap_vld|                                                             data_V_149_out|       pointer|
|data_V_148_out             |  out|    8|      ap_vld|                                                             data_V_148_out|       pointer|
|data_V_148_out_ap_vld      |  out|    1|      ap_vld|                                                             data_V_148_out|       pointer|
|data_V_147_out             |  out|    8|      ap_vld|                                                             data_V_147_out|       pointer|
|data_V_147_out_ap_vld      |  out|    1|      ap_vld|                                                             data_V_147_out|       pointer|
|data_V_146_out             |  out|    8|      ap_vld|                                                             data_V_146_out|       pointer|
|data_V_146_out_ap_vld      |  out|    1|      ap_vld|                                                             data_V_146_out|       pointer|
|data_V_out                 |  out|    8|      ap_vld|                                                                 data_V_out|       pointer|
|data_V_out_ap_vld          |  out|    1|      ap_vld|                                                                 data_V_out|       pointer|
+---------------------------+-----+-----+------------+---------------------------------------------------------------------------+--------------+

