

================================================================
== Vitis HLS Report for 'pooling2d_cl_array_ap_ufixed_6u_array_ap_fixed_8_2_5_3_0_6u_config5_s'
================================================================
* Date:           Tue May 13 20:25:42 2025

* Version:        2022.2 (Build 3670227 on Oct 13 2022)
* Project:        myproject_prj
* Solution:       solution1 (Vivado IP Flow Target)
* Product family: kintexu
* Target device:  xcku035-fbva676-2-e


================================================================
== Performance Estimates
================================================================
+ Timing: 
    * Summary: 
    +--------+---------+----------+------------+
    |  Clock |  Target | Estimated| Uncertainty|
    +--------+---------+----------+------------+
    |ap_clk  |  5.00 ns|  3.934 ns|     0.62 ns|
    +--------+---------+----------+------------+

+ Latency: 
    * Summary: 
    +---------+---------+----------+----------+------+------+---------+
    |  Latency (cycles) |  Latency (absolute) |   Interval  | Pipeline|
    |   min   |   max   |    min   |    max   |  min |  max |   Type  |
    +---------+---------+----------+----------+------+------+---------+
    |     1940|     1940|  9.700 us|  9.700 us|  1940|  1940|       no|
    +---------+---------+----------+----------+------+------+---------+

    + Detail: 
        * Instance: 
        N/A

        * Loop: 
        +----------------------------------+---------+---------+----------+-----------+-----------+------+----------+
        |                                  |  Latency (cycles) | Iteration|  Initiation Interval  | Trip |          |
        |             Loop Name            |   min   |   max   |  Latency |  achieved |   target  | Count| Pipelined|
        +----------------------------------+---------+---------+----------+-----------+-----------+------+----------+
        |- ReadInputHeight_ReadInputWidth  |     1938|     1938|         4|          1|          1|  1936|       yes|
        +----------------------------------+---------+---------+----------+-----------+-----------+------+----------+



================================================================
== Utilization Estimates
================================================================
* Summary: 
+-----------------+---------+------+--------+--------+-----+
|       Name      | BRAM_18K|  DSP |   FF   |   LUT  | URAM|
+-----------------+---------+------+--------+--------+-----+
|DSP              |        -|     -|       -|       -|    -|
|Expression       |        -|     -|       0|    2241|    -|
|FIFO             |        -|     -|       -|       -|    -|
|Instance         |        -|     -|       -|       -|    -|
|Memory           |        -|     -|       0|      18|    -|
|Multiplexer      |        -|     -|       -|     108|    -|
|Register         |        -|     -|    1003|       1|    -|
+-----------------+---------+------+--------+--------+-----+
|Total            |        0|     0|    1003|    2368|    0|
+-----------------+---------+------+--------+--------+-----+
|Available        |     1080|  1700|  406256|  203128|    0|
+-----------------+---------+------+--------+--------+-----+
|Utilization (%)  |        0|     0|      ~0|       1|    0|
+-----------------+---------+------+--------+--------+-----+

+ Detail: 
    * Instance: 
    N/A

    * DSP: 
    N/A

    * Memory: 
    +----------------------------------------------------------------------------------------+----------------------------------------------------------------------------------+---------+---+----+-----+------+-----+------+-------------+
    |                                         Memory                                         |                                      Module                                      | BRAM_18K| FF| LUT| URAM| Words| Bits| Banks| W*Bits*Banks|
    +----------------------------------------------------------------------------------------+----------------------------------------------------------------------------------+---------+---+----+-----+------+-----+------+-------------+
    |p_ZZN4nnet12pooling2d_clINS_5arrayI9ap_ufixedILi8ELi2EL9ap_q_mode4EL9ap_o_mode0EL_17_U  |pooling2d_cl_array_ap_ufixed_6u_array_ap_fixed_8_2_5_3_0_6u_config5_s_p_ZZN4nhbi  |        0|  0|   1|    0|    44|    8|     1|          352|
    |p_ZZN4nnet12pooling2d_clINS_5arrayI9ap_ufixedILi8ELi2EL9ap_q_mode4EL9ap_o_mode0EL_11_U  |pooling2d_cl_array_ap_ufixed_6u_array_ap_fixed_8_2_5_3_0_6u_config5_s_p_ZZN4nhbi  |        0|  0|   1|    0|    44|    8|     1|          352|
    |p_ZZN4nnet12pooling2d_clINS_5arrayI9ap_ufixedILi8ELi2EL9ap_q_mode4EL9ap_o_mode0EL_5_U   |pooling2d_cl_array_ap_ufixed_6u_array_ap_fixed_8_2_5_3_0_6u_config5_s_p_ZZN4nhbi  |        0|  0|   1|    0|    44|    8|     1|          352|
    |p_ZZN4nnet12pooling2d_clINS_5arrayI9ap_ufixedILi8ELi2EL9ap_q_mode4EL9ap_o_mode0EL_16_U  |pooling2d_cl_array_ap_ufixed_6u_array_ap_fixed_8_2_5_3_0_6u_config5_s_p_ZZN4nhbi  |        0|  0|   1|    0|    44|    8|     1|          352|
    |p_ZZN4nnet12pooling2d_clINS_5arrayI9ap_ufixedILi8ELi2EL9ap_q_mode4EL9ap_o_mode0EL_10_U  |pooling2d_cl_array_ap_ufixed_6u_array_ap_fixed_8_2_5_3_0_6u_config5_s_p_ZZN4nhbi  |        0|  0|   1|    0|    44|    8|     1|          352|
    |p_ZZN4nnet12pooling2d_clINS_5arrayI9ap_ufixedILi8ELi2EL9ap_q_mode4EL9ap_o_mode0EL_4_U   |pooling2d_cl_array_ap_ufixed_6u_array_ap_fixed_8_2_5_3_0_6u_config5_s_p_ZZN4nhbi  |        0|  0|   1|    0|    44|    8|     1|          352|
    |p_ZZN4nnet12pooling2d_clINS_5arrayI9ap_ufixedILi8ELi2EL9ap_q_mode4EL9ap_o_mode0EL_15_U  |pooling2d_cl_array_ap_ufixed_6u_array_ap_fixed_8_2_5_3_0_6u_config5_s_p_ZZN4nhbi  |        0|  0|   1|    0|    44|    8|     1|          352|
    |p_ZZN4nnet12pooling2d_clINS_5arrayI9ap_ufixedILi8ELi2EL9ap_q_mode4EL9ap_o_mode0EL_9_U   |pooling2d_cl_array_ap_ufixed_6u_array_ap_fixed_8_2_5_3_0_6u_config5_s_p_ZZN4nhbi  |        0|  0|   1|    0|    44|    8|     1|          352|
    |p_ZZN4nnet12pooling2d_clINS_5arrayI9ap_ufixedILi8ELi2EL9ap_q_mode4EL9ap_o_mode0EL_3_U   |pooling2d_cl_array_ap_ufixed_6u_array_ap_fixed_8_2_5_3_0_6u_config5_s_p_ZZN4nhbi  |        0|  0|   1|    0|    44|    8|     1|          352|
    |p_ZZN4nnet12pooling2d_clINS_5arrayI9ap_ufixedILi8ELi2EL9ap_q_mode4EL9ap_o_mode0EL_14_U  |pooling2d_cl_array_ap_ufixed_6u_array_ap_fixed_8_2_5_3_0_6u_config5_s_p_ZZN4nhbi  |        0|  0|   1|    0|    44|    8|     1|          352|
    |p_ZZN4nnet12pooling2d_clINS_5arrayI9ap_ufixedILi8ELi2EL9ap_q_mode4EL9ap_o_mode0EL_8_U   |pooling2d_cl_array_ap_ufixed_6u_array_ap_fixed_8_2_5_3_0_6u_config5_s_p_ZZN4nhbi  |        0|  0|   1|    0|    44|    8|     1|          352|
    |p_ZZN4nnet12pooling2d_clINS_5arrayI9ap_ufixedILi8ELi2EL9ap_q_mode4EL9ap_o_mode0EL_2_U   |pooling2d_cl_array_ap_ufixed_6u_array_ap_fixed_8_2_5_3_0_6u_config5_s_p_ZZN4nhbi  |        0|  0|   1|    0|    44|    8|     1|          352|
    |p_ZZN4nnet12pooling2d_clINS_5arrayI9ap_ufixedILi8ELi2EL9ap_q_mode4EL9ap_o_mode0EL_13_U  |pooling2d_cl_array_ap_ufixed_6u_array_ap_fixed_8_2_5_3_0_6u_config5_s_p_ZZN4nhbi  |        0|  0|   1|    0|    44|    8|     1|          352|
    |p_ZZN4nnet12pooling2d_clINS_5arrayI9ap_ufixedILi8ELi2EL9ap_q_mode4EL9ap_o_mode0EL_7_U   |pooling2d_cl_array_ap_ufixed_6u_array_ap_fixed_8_2_5_3_0_6u_config5_s_p_ZZN4nhbi  |        0|  0|   1|    0|    44|    8|     1|          352|
    |p_ZZN4nnet12pooling2d_clINS_5arrayI9ap_ufixedILi8ELi2EL9ap_q_mode4EL9ap_o_mode0EL_1_U   |pooling2d_cl_array_ap_ufixed_6u_array_ap_fixed_8_2_5_3_0_6u_config5_s_p_ZZN4nhbi  |        0|  0|   1|    0|    44|    8|     1|          352|
    |p_ZZN4nnet12pooling2d_clINS_5arrayI9ap_ufixedILi8ELi2EL9ap_q_mode4EL9ap_o_mode0EL_12_U  |pooling2d_cl_array_ap_ufixed_6u_array_ap_fixed_8_2_5_3_0_6u_config5_s_p_ZZN4nhbi  |        0|  0|   1|    0|    44|    8|     1|          352|
    |p_ZZN4nnet12pooling2d_clINS_5arrayI9ap_ufixedILi8ELi2EL9ap_q_mode4EL9ap_o_mode0EL_6_U   |pooling2d_cl_array_ap_ufixed_6u_array_ap_fixed_8_2_5_3_0_6u_config5_s_p_ZZN4nhbi  |        0|  0|   1|    0|    44|    8|     1|          352|
    |p_ZZN4nnet12pooling2d_clINS_5arrayI9ap_ufixedILi8ELi2EL9ap_q_mode4EL9ap_o_mode0EL_U     |pooling2d_cl_array_ap_ufixed_6u_array_ap_fixed_8_2_5_3_0_6u_config5_s_p_ZZN4nhbi  |        0|  0|   1|    0|    44|    8|     1|          352|
    +----------------------------------------------------------------------------------------+----------------------------------------------------------------------------------+---------+---+----+-----+------+-----+------+-------------+
    |Total                                                                                   |                                                                                  |        0|  0|  18|    0|   792|  144|    18|         6336|
    +----------------------------------------------------------------------------------------+----------------------------------------------------------------------------------+---------+---+----+-----+------+-----+------+-------------+

    * FIFO: 
    N/A

    * Expression: 
    +----------------------------------+----------+----+---+----+------------+------------+
    |           Variable Name          | Operation| DSP| FF| LUT| Bitwidth P0| Bitwidth P1|
    +----------------------------------+----------+----+---+----+------------+------------+
    |add_ln109_fu_340_p2               |         +|   0|  0|  18|          11|           1|
    |add_ln76_fu_376_p2                |         +|   0|  0|  39|          32|           1|
    |add_ln80_fu_430_p2                |         +|   0|  0|  39|          32|           1|
    |add_ln86_fu_671_p2                |         +|   0|  0|  39|          32|          32|
    |add_ln91_fu_402_p2                |         +|   0|  0|  39|          32|          32|
    |and_ln55_1_fu_647_p2              |       and|   0|  0|   2|           1|           1|
    |and_ln55_fu_643_p2                |       and|   0|  0|   2|           1|           1|
    |ap_block_state4_pp0_stage0_iter3  |       and|   0|  0|   2|           1|           1|
    |ap_condition_453                  |       and|   0|  0|   2|           1|           1|
    |ap_condition_455                  |       and|   0|  0|   2|           1|           1|
    |ap_condition_479                  |       and|   0|  0|   2|           1|           1|
    |ap_condition_649                  |       and|   0|  0|   2|           1|           1|
    |ap_predicate_op499_write_state4   |       and|   0|  0|   2|           1|           1|
    |icmp_ln109_fu_334_p2              |      icmp|   0|  0|  11|          11|           8|
    |icmp_ln1651_10_fu_1636_p2         |      icmp|   0|  0|  11|           8|           8|
    |icmp_ln1651_11_fu_1656_p2         |      icmp|   0|  0|  11|           8|           8|
    |icmp_ln1651_12_fu_1674_p2         |      icmp|   0|  0|  11|           8|           8|
    |icmp_ln1651_13_fu_1694_p2         |      icmp|   0|  0|  11|           8|           8|
    |icmp_ln1651_14_fu_3084_p2         |      icmp|   0|  0|  11|           8|           8|
    |icmp_ln1651_15_fu_1714_p2         |      icmp|   0|  0|  11|           8|           8|
    |icmp_ln1651_16_fu_1734_p2         |      icmp|   0|  0|  11|           8|           8|
    |icmp_ln1651_17_fu_1754_p2         |      icmp|   0|  0|  11|           8|           8|
    |icmp_ln1651_18_fu_1774_p2         |      icmp|   0|  0|  11|           8|           8|
    |icmp_ln1651_19_fu_1794_p2         |      icmp|   0|  0|  11|           8|           8|
    |icmp_ln1651_1_fu_1460_p2          |      icmp|   0|  0|  11|           8|           8|
    |icmp_ln1651_20_fu_1812_p2         |      icmp|   0|  0|  11|           8|           8|
    |icmp_ln1651_21_fu_1832_p2         |      icmp|   0|  0|  11|           8|           8|
    |icmp_ln1651_22_fu_1852_p2         |      icmp|   0|  0|  11|           8|           8|
    |icmp_ln1651_23_fu_1872_p2         |      icmp|   0|  0|  11|           8|           8|
    |icmp_ln1651_24_fu_1890_p2         |      icmp|   0|  0|  11|           8|           8|
    |icmp_ln1651_25_fu_1910_p2         |      icmp|   0|  0|  11|           8|           8|
    |icmp_ln1651_26_fu_1930_p2         |      icmp|   0|  0|  11|           8|           8|
    |icmp_ln1651_27_fu_1948_p2         |      icmp|   0|  0|  11|           8|           8|
    |icmp_ln1651_28_fu_1968_p2         |      icmp|   0|  0|  11|           8|           8|
    |icmp_ln1651_29_fu_3100_p2         |      icmp|   0|  0|  11|           8|           8|
    |icmp_ln1651_2_fu_1480_p2          |      icmp|   0|  0|  11|           8|           8|
    |icmp_ln1651_30_fu_1988_p2         |      icmp|   0|  0|  11|           8|           8|
    |icmp_ln1651_31_fu_2008_p2         |      icmp|   0|  0|  11|           8|           8|
    |icmp_ln1651_32_fu_2028_p2         |      icmp|   0|  0|  11|           8|           8|
    |icmp_ln1651_33_fu_2048_p2         |      icmp|   0|  0|  11|           8|           8|
    |icmp_ln1651_34_fu_2068_p2         |      icmp|   0|  0|  11|           8|           8|
    |icmp_ln1651_35_fu_2086_p2         |      icmp|   0|  0|  11|           8|           8|
    |icmp_ln1651_36_fu_2106_p2         |      icmp|   0|  0|  11|           8|           8|
    |icmp_ln1651_37_fu_2126_p2         |      icmp|   0|  0|  11|           8|           8|
    |icmp_ln1651_38_fu_2146_p2         |      icmp|   0|  0|  11|           8|           8|
    |icmp_ln1651_39_fu_2164_p2         |      icmp|   0|  0|  11|           8|           8|
    |icmp_ln1651_3_fu_1500_p2          |      icmp|   0|  0|  11|           8|           8|
    |icmp_ln1651_40_fu_2184_p2         |      icmp|   0|  0|  11|           8|           8|
    |icmp_ln1651_41_fu_2204_p2         |      icmp|   0|  0|  11|           8|           8|
    |icmp_ln1651_42_fu_2222_p2         |      icmp|   0|  0|  11|           8|           8|
    |icmp_ln1651_43_fu_2242_p2         |      icmp|   0|  0|  11|           8|           8|
    |icmp_ln1651_44_fu_3116_p2         |      icmp|   0|  0|  11|           8|           8|
    |icmp_ln1651_45_fu_2262_p2         |      icmp|   0|  0|  11|           8|           8|
    |icmp_ln1651_46_fu_2282_p2         |      icmp|   0|  0|  11|           8|           8|
    |icmp_ln1651_47_fu_2302_p2         |      icmp|   0|  0|  11|           8|           8|
    |icmp_ln1651_48_fu_2322_p2         |      icmp|   0|  0|  11|           8|           8|
    |icmp_ln1651_49_fu_2342_p2         |      icmp|   0|  0|  11|           8|           8|
    |icmp_ln1651_4_fu_1520_p2          |      icmp|   0|  0|  11|           8|           8|
    |icmp_ln1651_50_fu_2360_p2         |      icmp|   0|  0|  11|           8|           8|
    |icmp_ln1651_51_fu_2380_p2         |      icmp|   0|  0|  11|           8|           8|
    |icmp_ln1651_52_fu_2400_p2         |      icmp|   0|  0|  11|           8|           8|
    |icmp_ln1651_53_fu_2420_p2         |      icmp|   0|  0|  11|           8|           8|
    |icmp_ln1651_54_fu_2438_p2         |      icmp|   0|  0|  11|           8|           8|
    |icmp_ln1651_55_fu_2458_p2         |      icmp|   0|  0|  11|           8|           8|
    |icmp_ln1651_56_fu_2478_p2         |      icmp|   0|  0|  11|           8|           8|
    |icmp_ln1651_57_fu_2496_p2         |      icmp|   0|  0|  11|           8|           8|
    |icmp_ln1651_58_fu_2516_p2         |      icmp|   0|  0|  11|           8|           8|
    |icmp_ln1651_59_fu_3132_p2         |      icmp|   0|  0|  11|           8|           8|
    |icmp_ln1651_5_fu_1538_p2          |      icmp|   0|  0|  11|           8|           8|
    |icmp_ln1651_60_fu_2536_p2         |      icmp|   0|  0|  11|           8|           8|
    |icmp_ln1651_61_fu_2556_p2         |      icmp|   0|  0|  11|           8|           8|
    |icmp_ln1651_62_fu_2576_p2         |      icmp|   0|  0|  11|           8|           8|
    |icmp_ln1651_63_fu_2596_p2         |      icmp|   0|  0|  11|           8|           8|
    |icmp_ln1651_64_fu_2616_p2         |      icmp|   0|  0|  11|           8|           8|
    |icmp_ln1651_65_fu_2634_p2         |      icmp|   0|  0|  11|           8|           8|
    |icmp_ln1651_66_fu_2654_p2         |      icmp|   0|  0|  11|           8|           8|
    |icmp_ln1651_67_fu_2674_p2         |      icmp|   0|  0|  11|           8|           8|
    |icmp_ln1651_68_fu_2694_p2         |      icmp|   0|  0|  11|           8|           8|
    |icmp_ln1651_69_fu_2712_p2         |      icmp|   0|  0|  11|           8|           8|
    |icmp_ln1651_6_fu_1558_p2          |      icmp|   0|  0|  11|           8|           8|
    |icmp_ln1651_70_fu_2732_p2         |      icmp|   0|  0|  11|           8|           8|
    |icmp_ln1651_71_fu_2752_p2         |      icmp|   0|  0|  11|           8|           8|
    |icmp_ln1651_72_fu_2770_p2         |      icmp|   0|  0|  11|           8|           8|
    |icmp_ln1651_73_fu_2790_p2         |      icmp|   0|  0|  11|           8|           8|
    |icmp_ln1651_74_fu_3148_p2         |      icmp|   0|  0|  11|           8|           8|
    |icmp_ln1651_75_fu_2810_p2         |      icmp|   0|  0|  11|           8|           8|
    |icmp_ln1651_76_fu_2830_p2         |      icmp|   0|  0|  11|           8|           8|
    |icmp_ln1651_77_fu_2850_p2         |      icmp|   0|  0|  11|           8|           8|
    |icmp_ln1651_78_fu_2870_p2         |      icmp|   0|  0|  11|           8|           8|
    |icmp_ln1651_79_fu_2890_p2         |      icmp|   0|  0|  11|           8|           8|
    |icmp_ln1651_7_fu_1578_p2          |      icmp|   0|  0|  11|           8|           8|
    |icmp_ln1651_80_fu_2908_p2         |      icmp|   0|  0|  11|           8|           8|
    |icmp_ln1651_81_fu_2928_p2         |      icmp|   0|  0|  11|           8|           8|
    |icmp_ln1651_82_fu_2948_p2         |      icmp|   0|  0|  11|           8|           8|
    |icmp_ln1651_83_fu_2968_p2         |      icmp|   0|  0|  11|           8|           8|
    |icmp_ln1651_84_fu_2986_p2         |      icmp|   0|  0|  11|           8|           8|
    |icmp_ln1651_85_fu_3006_p2         |      icmp|   0|  0|  11|           8|           8|
    |icmp_ln1651_86_fu_3026_p2         |      icmp|   0|  0|  11|           8|           8|
    |icmp_ln1651_87_fu_3044_p2         |      icmp|   0|  0|  11|           8|           8|
    |icmp_ln1651_88_fu_3064_p2         |      icmp|   0|  0|  11|           8|           8|
    |icmp_ln1651_89_fu_3164_p2         |      icmp|   0|  0|  11|           8|           8|
    |icmp_ln1651_8_fu_1598_p2          |      icmp|   0|  0|  11|           8|           8|
    |icmp_ln1651_9_fu_1616_p2          |      icmp|   0|  0|  11|           8|           8|
    |icmp_ln1651_fu_1440_p2            |      icmp|   0|  0|  11|           8|           8|
    |icmp_ln55_1_fu_637_p2             |      icmp|   0|  0|  20|          32|           2|
    |icmp_ln55_2_fu_364_p2             |      icmp|   0|  0|  20|          32|           2|
    |icmp_ln55_3_fu_370_p2             |      icmp|   0|  0|  20|          32|           2|
    |icmp_ln55_fu_350_p2               |      icmp|   0|  0|  20|          32|           2|
    |icmp_ln76_fu_382_p2               |      icmp|   0|  0|  20|          32|           6|
    |icmp_ln80_fu_436_p2               |      icmp|   0|  0|  20|          32|           6|
    |icmp_ln86_fu_657_p2               |      icmp|   0|  0|  20|          32|           2|
    |ap_block_pp0_stage0_01001         |        or|   0|  0|   2|           1|           1|
    |res_pack_data_1_fu_3110_p3        |    select|   0|  0|   8|           1|           8|
    |res_pack_data_2_fu_3126_p3        |    select|   0|  0|   8|           1|           8|
    |res_pack_data_3_fu_3142_p3        |    select|   0|  0|   8|           1|           8|
    |res_pack_data_4_fu_3158_p3        |    select|   0|  0|   8|           1|           8|
    |res_pack_data_5_fu_3174_p3        |    select|   0|  0|   8|           1|           8|
    |res_pack_data_fu_3094_p3          |    select|   0|  0|   8|           1|           8|
    |select_ln65_10_fu_1648_p3         |    select|   0|  0|   8|           1|           8|
    |select_ln65_11_fu_1667_p3         |    select|   0|  0|   8|           1|           8|
    |select_ln65_12_fu_1686_p3         |    select|   0|  0|   8|           1|           8|
    |select_ln65_13_fu_1706_p3         |    select|   0|  0|   8|           1|           8|
    |select_ln65_15_fu_1726_p3         |    select|   0|  0|   8|           1|           8|
    |select_ln65_16_fu_1746_p3         |    select|   0|  0|   8|           1|           8|
    |select_ln65_17_fu_1766_p3         |    select|   0|  0|   8|           1|           8|
    |select_ln65_18_fu_1786_p3         |    select|   0|  0|   8|           1|           8|
    |select_ln65_19_fu_1805_p3         |    select|   0|  0|   8|           1|           8|
    |select_ln65_1_fu_1472_p3          |    select|   0|  0|   8|           1|           8|
    |select_ln65_20_fu_1824_p3         |    select|   0|  0|   8|           1|           8|
    |select_ln65_21_fu_1844_p3         |    select|   0|  0|   8|           1|           8|
    |select_ln65_22_fu_1864_p3         |    select|   0|  0|   8|           1|           8|
    |select_ln65_23_fu_1883_p3         |    select|   0|  0|   8|           1|           8|
    |select_ln65_24_fu_1902_p3         |    select|   0|  0|   8|           1|           8|
    |select_ln65_25_fu_1922_p3         |    select|   0|  0|   8|           1|           8|
    |select_ln65_26_fu_1941_p3         |    select|   0|  0|   8|           1|           8|
    |select_ln65_27_fu_1960_p3         |    select|   0|  0|   8|           1|           8|
    |select_ln65_28_fu_1980_p3         |    select|   0|  0|   8|           1|           8|
    |select_ln65_2_fu_1492_p3          |    select|   0|  0|   8|           1|           8|
    |select_ln65_30_fu_2000_p3         |    select|   0|  0|   8|           1|           8|
    |select_ln65_31_fu_2020_p3         |    select|   0|  0|   8|           1|           8|
    |select_ln65_32_fu_2040_p3         |    select|   0|  0|   8|           1|           8|
    |select_ln65_33_fu_2060_p3         |    select|   0|  0|   8|           1|           8|
    |select_ln65_34_fu_2079_p3         |    select|   0|  0|   8|           1|           8|
    |select_ln65_35_fu_2098_p3         |    select|   0|  0|   8|           1|           8|
    |select_ln65_36_fu_2118_p3         |    select|   0|  0|   8|           1|           8|
    |select_ln65_37_fu_2138_p3         |    select|   0|  0|   8|           1|           8|
    |select_ln65_38_fu_2157_p3         |    select|   0|  0|   8|           1|           8|
    |select_ln65_39_fu_2176_p3         |    select|   0|  0|   8|           1|           8|
    |select_ln65_3_fu_1512_p3          |    select|   0|  0|   8|           1|           8|
    |select_ln65_40_fu_2196_p3         |    select|   0|  0|   8|           1|           8|
    |select_ln65_41_fu_2215_p3         |    select|   0|  0|   8|           1|           8|
    |select_ln65_42_fu_2234_p3         |    select|   0|  0|   8|           1|           8|
    |select_ln65_43_fu_2254_p3         |    select|   0|  0|   8|           1|           8|
    |select_ln65_45_fu_2274_p3         |    select|   0|  0|   8|           1|           8|
    |select_ln65_46_fu_2294_p3         |    select|   0|  0|   8|           1|           8|
    |select_ln65_47_fu_2314_p3         |    select|   0|  0|   8|           1|           8|
    |select_ln65_48_fu_2334_p3         |    select|   0|  0|   8|           1|           8|
    |select_ln65_49_fu_2353_p3         |    select|   0|  0|   8|           1|           8|
    |select_ln65_4_fu_1531_p3          |    select|   0|  0|   8|           1|           8|
    |select_ln65_50_fu_2372_p3         |    select|   0|  0|   8|           1|           8|
    |select_ln65_51_fu_2392_p3         |    select|   0|  0|   8|           1|           8|
    |select_ln65_52_fu_2412_p3         |    select|   0|  0|   8|           1|           8|
    |select_ln65_53_fu_2431_p3         |    select|   0|  0|   8|           1|           8|
    |select_ln65_54_fu_2450_p3         |    select|   0|  0|   8|           1|           8|
    |select_ln65_55_fu_2470_p3         |    select|   0|  0|   8|           1|           8|
    |select_ln65_56_fu_2489_p3         |    select|   0|  0|   8|           1|           8|
    |select_ln65_57_fu_2508_p3         |    select|   0|  0|   8|           1|           8|
    |select_ln65_58_fu_2528_p3         |    select|   0|  0|   8|           1|           8|
    |select_ln65_5_fu_1550_p3          |    select|   0|  0|   8|           1|           8|
    |select_ln65_60_fu_2548_p3         |    select|   0|  0|   8|           1|           8|
    |select_ln65_61_fu_2568_p3         |    select|   0|  0|   8|           1|           8|
    |select_ln65_62_fu_2588_p3         |    select|   0|  0|   8|           1|           8|
    |select_ln65_63_fu_2608_p3         |    select|   0|  0|   8|           1|           8|
    |select_ln65_64_fu_2627_p3         |    select|   0|  0|   8|           1|           8|
    |select_ln65_65_fu_2646_p3         |    select|   0|  0|   8|           1|           8|
    |select_ln65_66_fu_2666_p3         |    select|   0|  0|   8|           1|           8|
    |select_ln65_67_fu_2686_p3         |    select|   0|  0|   8|           1|           8|
    |select_ln65_68_fu_2705_p3         |    select|   0|  0|   8|           1|           8|
    |select_ln65_69_fu_2724_p3         |    select|   0|  0|   8|           1|           8|
    |select_ln65_6_fu_1570_p3          |    select|   0|  0|   8|           1|           8|
    |select_ln65_70_fu_2744_p3         |    select|   0|  0|   8|           1|           8|
    |select_ln65_71_fu_2763_p3         |    select|   0|  0|   8|           1|           8|
    |select_ln65_72_fu_2782_p3         |    select|   0|  0|   8|           1|           8|
    |select_ln65_73_fu_2802_p3         |    select|   0|  0|   8|           1|           8|
    |select_ln65_75_fu_2822_p3         |    select|   0|  0|   8|           1|           8|
    |select_ln65_76_fu_2842_p3         |    select|   0|  0|   8|           1|           8|
    |select_ln65_77_fu_2862_p3         |    select|   0|  0|   8|           1|           8|
    |select_ln65_78_fu_2882_p3         |    select|   0|  0|   8|           1|           8|
    |select_ln65_79_fu_2901_p3         |    select|   0|  0|   8|           1|           8|
    |select_ln65_7_fu_1590_p3          |    select|   0|  0|   8|           1|           8|
    |select_ln65_80_fu_2920_p3         |    select|   0|  0|   8|           1|           8|
    |select_ln65_81_fu_2940_p3         |    select|   0|  0|   8|           1|           8|
    |select_ln65_82_fu_2960_p3         |    select|   0|  0|   8|           1|           8|
    |select_ln65_83_fu_2979_p3         |    select|   0|  0|   8|           1|           8|
    |select_ln65_84_fu_2998_p3         |    select|   0|  0|   8|           1|           8|
    |select_ln65_85_fu_3018_p3         |    select|   0|  0|   8|           1|           8|
    |select_ln65_86_fu_3037_p3         |    select|   0|  0|   8|           1|           8|
    |select_ln65_87_fu_3056_p3         |    select|   0|  0|   8|           1|           8|
    |select_ln65_88_fu_3076_p3         |    select|   0|  0|   8|           1|           8|
    |select_ln65_8_fu_1609_p3          |    select|   0|  0|   8|           1|           8|
    |select_ln65_9_fu_1628_p3          |    select|   0|  0|   8|           1|           8|
    |select_ln65_fu_1452_p3            |    select|   0|  0|   8|           1|           8|
    |select_ln86_fu_663_p3             |    select|   0|  0|   3|           1|           3|
    |select_ln91_fu_394_p3             |    select|   0|  0|   3|           1|           3|
    |ap_enable_pp0                     |       xor|   0|  0|   2|           1|           2|
    |xor_ln1651_10_fu_1642_p2          |       xor|   0|  0|   2|           1|           2|
    |xor_ln1651_11_fu_1661_p2          |       xor|   0|  0|   2|           1|           2|
    |xor_ln1651_12_fu_1680_p2          |       xor|   0|  0|   2|           1|           2|
    |xor_ln1651_13_fu_1700_p2          |       xor|   0|  0|   2|           1|           2|
    |xor_ln1651_14_fu_3088_p2          |       xor|   0|  0|   2|           1|           2|
    |xor_ln1651_15_fu_1720_p2          |       xor|   0|  0|   2|           1|           2|
    |xor_ln1651_16_fu_1740_p2          |       xor|   0|  0|   2|           1|           2|
    |xor_ln1651_17_fu_1760_p2          |       xor|   0|  0|   2|           1|           2|
    |xor_ln1651_18_fu_1780_p2          |       xor|   0|  0|   2|           1|           2|
    |xor_ln1651_19_fu_1799_p2          |       xor|   0|  0|   2|           1|           2|
    |xor_ln1651_1_fu_1466_p2           |       xor|   0|  0|   2|           1|           2|
    |xor_ln1651_20_fu_1818_p2          |       xor|   0|  0|   2|           1|           2|
    |xor_ln1651_21_fu_1838_p2          |       xor|   0|  0|   2|           1|           2|
    |xor_ln1651_22_fu_1858_p2          |       xor|   0|  0|   2|           1|           2|
    |xor_ln1651_23_fu_1877_p2          |       xor|   0|  0|   2|           1|           2|
    |xor_ln1651_24_fu_1896_p2          |       xor|   0|  0|   2|           1|           2|
    |xor_ln1651_25_fu_1916_p2          |       xor|   0|  0|   2|           1|           2|
    |xor_ln1651_26_fu_1935_p2          |       xor|   0|  0|   2|           1|           2|
    |xor_ln1651_27_fu_1954_p2          |       xor|   0|  0|   2|           1|           2|
    |xor_ln1651_28_fu_1974_p2          |       xor|   0|  0|   2|           1|           2|
    |xor_ln1651_29_fu_3104_p2          |       xor|   0|  0|   2|           1|           2|
    |xor_ln1651_2_fu_1486_p2           |       xor|   0|  0|   2|           1|           2|
    |xor_ln1651_30_fu_1994_p2          |       xor|   0|  0|   2|           1|           2|
    |xor_ln1651_31_fu_2014_p2          |       xor|   0|  0|   2|           1|           2|
    |xor_ln1651_32_fu_2034_p2          |       xor|   0|  0|   2|           1|           2|
    |xor_ln1651_33_fu_2054_p2          |       xor|   0|  0|   2|           1|           2|
    |xor_ln1651_34_fu_2073_p2          |       xor|   0|  0|   2|           1|           2|
    |xor_ln1651_35_fu_2092_p2          |       xor|   0|  0|   2|           1|           2|
    |xor_ln1651_36_fu_2112_p2          |       xor|   0|  0|   2|           1|           2|
    |xor_ln1651_37_fu_2132_p2          |       xor|   0|  0|   2|           1|           2|
    |xor_ln1651_38_fu_2151_p2          |       xor|   0|  0|   2|           1|           2|
    |xor_ln1651_39_fu_2170_p2          |       xor|   0|  0|   2|           1|           2|
    |xor_ln1651_3_fu_1506_p2           |       xor|   0|  0|   2|           1|           2|
    |xor_ln1651_40_fu_2190_p2          |       xor|   0|  0|   2|           1|           2|
    |xor_ln1651_41_fu_2209_p2          |       xor|   0|  0|   2|           1|           2|
    |xor_ln1651_42_fu_2228_p2          |       xor|   0|  0|   2|           1|           2|
    |xor_ln1651_43_fu_2248_p2          |       xor|   0|  0|   2|           1|           2|
    |xor_ln1651_44_fu_3120_p2          |       xor|   0|  0|   2|           1|           2|
    |xor_ln1651_45_fu_2268_p2          |       xor|   0|  0|   2|           1|           2|
    |xor_ln1651_46_fu_2288_p2          |       xor|   0|  0|   2|           1|           2|
    |xor_ln1651_47_fu_2308_p2          |       xor|   0|  0|   2|           1|           2|
    |xor_ln1651_48_fu_2328_p2          |       xor|   0|  0|   2|           1|           2|
    |xor_ln1651_49_fu_2347_p2          |       xor|   0|  0|   2|           1|           2|
    |xor_ln1651_4_fu_1525_p2           |       xor|   0|  0|   2|           1|           2|
    |xor_ln1651_50_fu_2366_p2          |       xor|   0|  0|   2|           1|           2|
    |xor_ln1651_51_fu_2386_p2          |       xor|   0|  0|   2|           1|           2|
    |xor_ln1651_52_fu_2406_p2          |       xor|   0|  0|   2|           1|           2|
    |xor_ln1651_53_fu_2425_p2          |       xor|   0|  0|   2|           1|           2|
    |xor_ln1651_54_fu_2444_p2          |       xor|   0|  0|   2|           1|           2|
    |xor_ln1651_55_fu_2464_p2          |       xor|   0|  0|   2|           1|           2|
    |xor_ln1651_56_fu_2483_p2          |       xor|   0|  0|   2|           1|           2|
    |xor_ln1651_57_fu_2502_p2          |       xor|   0|  0|   2|           1|           2|
    |xor_ln1651_58_fu_2522_p2          |       xor|   0|  0|   2|           1|           2|
    |xor_ln1651_59_fu_3136_p2          |       xor|   0|  0|   2|           1|           2|
    |xor_ln1651_5_fu_1544_p2           |       xor|   0|  0|   2|           1|           2|
    |xor_ln1651_60_fu_2542_p2          |       xor|   0|  0|   2|           1|           2|
    |xor_ln1651_61_fu_2562_p2          |       xor|   0|  0|   2|           1|           2|
    |xor_ln1651_62_fu_2582_p2          |       xor|   0|  0|   2|           1|           2|
    |xor_ln1651_63_fu_2602_p2          |       xor|   0|  0|   2|           1|           2|
    |xor_ln1651_64_fu_2621_p2          |       xor|   0|  0|   2|           1|           2|
    |xor_ln1651_65_fu_2640_p2          |       xor|   0|  0|   2|           1|           2|
    |xor_ln1651_66_fu_2660_p2          |       xor|   0|  0|   2|           1|           2|
    |xor_ln1651_67_fu_2680_p2          |       xor|   0|  0|   2|           1|           2|
    |xor_ln1651_68_fu_2699_p2          |       xor|   0|  0|   2|           1|           2|
    |xor_ln1651_69_fu_2718_p2          |       xor|   0|  0|   2|           1|           2|
    |xor_ln1651_6_fu_1564_p2           |       xor|   0|  0|   2|           1|           2|
    |xor_ln1651_70_fu_2738_p2          |       xor|   0|  0|   2|           1|           2|
    |xor_ln1651_71_fu_2757_p2          |       xor|   0|  0|   2|           1|           2|
    |xor_ln1651_72_fu_2776_p2          |       xor|   0|  0|   2|           1|           2|
    |xor_ln1651_73_fu_2796_p2          |       xor|   0|  0|   2|           1|           2|
    |xor_ln1651_74_fu_3152_p2          |       xor|   0|  0|   2|           1|           2|
    |xor_ln1651_75_fu_2816_p2          |       xor|   0|  0|   2|           1|           2|
    |xor_ln1651_76_fu_2836_p2          |       xor|   0|  0|   2|           1|           2|
    |xor_ln1651_77_fu_2856_p2          |       xor|   0|  0|   2|           1|           2|
    |xor_ln1651_78_fu_2876_p2          |       xor|   0|  0|   2|           1|           2|
    |xor_ln1651_79_fu_2895_p2          |       xor|   0|  0|   2|           1|           2|
    |xor_ln1651_7_fu_1584_p2           |       xor|   0|  0|   2|           1|           2|
    |xor_ln1651_80_fu_2914_p2          |       xor|   0|  0|   2|           1|           2|
    |xor_ln1651_81_fu_2934_p2          |       xor|   0|  0|   2|           1|           2|
    |xor_ln1651_82_fu_2954_p2          |       xor|   0|  0|   2|           1|           2|
    |xor_ln1651_83_fu_2973_p2          |       xor|   0|  0|   2|           1|           2|
    |xor_ln1651_84_fu_2992_p2          |       xor|   0|  0|   2|           1|           2|
    |xor_ln1651_85_fu_3012_p2          |       xor|   0|  0|   2|           1|           2|
    |xor_ln1651_86_fu_3031_p2          |       xor|   0|  0|   2|           1|           2|
    |xor_ln1651_87_fu_3050_p2          |       xor|   0|  0|   2|           1|           2|
    |xor_ln1651_88_fu_3070_p2          |       xor|   0|  0|   2|           1|           2|
    |xor_ln1651_89_fu_3168_p2          |       xor|   0|  0|   2|           1|           2|
    |xor_ln1651_8_fu_1603_p2           |       xor|   0|  0|   2|           1|           2|
    |xor_ln1651_9_fu_1622_p2           |       xor|   0|  0|   2|           1|           2|
    |xor_ln1651_fu_1446_p2             |       xor|   0|  0|   2|           1|           2|
    +----------------------------------+----------+----+---+----+------------+------------+
    |Total                             |          |   0|  0|2241|        1286|        1734|
    +----------------------------------+----------+----+---+----+------------+------------+

    * Multiplexer: 
    +-----------------------------------------+----+-----------+-----+-----------+
    |                   Name                  | LUT| Input Size| Bits| Total Bits|
    +-----------------------------------------+----+-----------+-----+-----------+
    |ap_done_int                              |   9|          2|    1|          2|
    |ap_enable_reg_pp0_iter1                  |   9|          2|    1|          2|
    |ap_phi_mux_storemerge_phi_fu_319_p4      |   9|          2|   32|         64|
    |ap_phi_reg_pp0_iter1_storemerge_reg_315  |   9|          2|   32|         64|
    |ap_sig_allocacmp_indvar_flatten_load     |   9|          2|   11|         22|
    |indvar_flatten_fu_298                    |   9|          2|   11|         22|
    |layer4_out_blk_n                         |   9|          2|    1|          2|
    |layer5_out_blk_n                         |   9|          2|    1|          2|
    |pX                                       |   9|          2|   32|         64|
    |pY                                       |   9|          2|   32|         64|
    |real_start                               |   9|          2|    1|          2|
    |sX                                       |   9|          2|   32|         64|
    +-----------------------------------------+----+-----------+-----+-----------+
    |Total                                    | 108|         24|  187|        374|
    +-----------------------------------------+----+-----------+-----+-----------+

    * Register: 
    +--------------------------------------------------------------------------------------+----+----+-----+-----------+
    |                                         Name                                         | FF | LUT| Bits| Const Bits|
    +--------------------------------------------------------------------------------------+----+----+-----+-----------+
    |and_ln55_1_reg_3362                                                                   |   1|   0|    1|          0|
    |and_ln55_1_reg_3362_pp0_iter2_reg                                                     |   1|   0|    1|          0|
    |ap_CS_fsm                                                                             |   1|   0|    1|          0|
    |ap_done_reg                                                                           |   1|   0|    1|          0|
    |ap_enable_reg_pp0_iter1                                                               |   1|   0|    1|          0|
    |ap_enable_reg_pp0_iter2                                                               |   1|   0|    1|          0|
    |ap_enable_reg_pp0_iter3                                                               |   1|   0|    1|          0|
    |ap_loop_exit_ready_pp0_iter1_reg                                                      |   1|   0|    1|          0|
    |ap_loop_exit_ready_pp0_iter2_reg                                                      |   1|   0|    1|          0|
    |ap_phi_reg_pp0_iter1_storemerge_reg_315                                               |  32|   0|   32|          0|
    |icmp_ln109_reg_3204                                                                   |   1|   0|    1|          0|
    |icmp_ln55_2_reg_3212                                                                  |   1|   0|    1|          0|
    |icmp_ln55_3_reg_3217                                                                  |   1|   0|    1|          0|
    |icmp_ln55_reg_3208                                                                    |   1|   0|    1|          0|
    |icmp_ln76_reg_3222                                                                    |   1|   0|    1|          0|
    |icmp_ln80_reg_3226                                                                    |   1|   0|    1|          0|
    |indvar_flatten_fu_298                                                                 |  11|   0|   11|          0|
    |pX                                                                                    |  32|   0|   32|          0|
    |pY                                                                                    |  32|   0|   32|          0|
    |p_ZZN4nnet22compute_pool_buffer_2dINS_5arrayI9ap_ufixedILi8ELi2EL9ap_q_mode4EL9ap     |   8|   0|    8|          0|
    |p_ZZN4nnet22compute_pool_buffer_2dINS_5arrayI9ap_ufixedILi8ELi2EL9ap_q_mode4EL9ap_1   |   8|   0|    8|          0|
    |p_ZZN4nnet22compute_pool_buffer_2dINS_5arrayI9ap_ufixedILi8ELi2EL9ap_q_mode4EL9ap_10  |   8|   0|    8|          0|
    |p_ZZN4nnet22compute_pool_buffer_2dINS_5arrayI9ap_ufixedILi8ELi2EL9ap_q_mode4EL9ap_11  |   8|   0|    8|          0|
    |p_ZZN4nnet22compute_pool_buffer_2dINS_5arrayI9ap_ufixedILi8ELi2EL9ap_q_mode4EL9ap_12  |   8|   0|    8|          0|
    |p_ZZN4nnet22compute_pool_buffer_2dINS_5arrayI9ap_ufixedILi8ELi2EL9ap_q_mode4EL9ap_13  |   8|   0|    8|          0|
    |p_ZZN4nnet22compute_pool_buffer_2dINS_5arrayI9ap_ufixedILi8ELi2EL9ap_q_mode4EL9ap_14  |   8|   0|    8|          0|
    |p_ZZN4nnet22compute_pool_buffer_2dINS_5arrayI9ap_ufixedILi8ELi2EL9ap_q_mode4EL9ap_15  |   8|   0|    8|          0|
    |p_ZZN4nnet22compute_pool_buffer_2dINS_5arrayI9ap_ufixedILi8ELi2EL9ap_q_mode4EL9ap_16  |   8|   0|    8|          0|
    |p_ZZN4nnet22compute_pool_buffer_2dINS_5arrayI9ap_ufixedILi8ELi2EL9ap_q_mode4EL9ap_17  |   8|   0|    8|          0|
    |p_ZZN4nnet22compute_pool_buffer_2dINS_5arrayI9ap_ufixedILi8ELi2EL9ap_q_mode4EL9ap_18  |   8|   0|    8|          0|
    |p_ZZN4nnet22compute_pool_buffer_2dINS_5arrayI9ap_ufixedILi8ELi2EL9ap_q_mode4EL9ap_19  |   8|   0|    8|          0|
    |p_ZZN4nnet22compute_pool_buffer_2dINS_5arrayI9ap_ufixedILi8ELi2EL9ap_q_mode4EL9ap_2   |   8|   0|    8|          0|
    |p_ZZN4nnet22compute_pool_buffer_2dINS_5arrayI9ap_ufixedILi8ELi2EL9ap_q_mode4EL9ap_20  |   8|   0|    8|          0|
    |p_ZZN4nnet22compute_pool_buffer_2dINS_5arrayI9ap_ufixedILi8ELi2EL9ap_q_mode4EL9ap_21  |   8|   0|    8|          0|
    |p_ZZN4nnet22compute_pool_buffer_2dINS_5arrayI9ap_ufixedILi8ELi2EL9ap_q_mode4EL9ap_22  |   8|   0|    8|          0|
    |p_ZZN4nnet22compute_pool_buffer_2dINS_5arrayI9ap_ufixedILi8ELi2EL9ap_q_mode4EL9ap_23  |   8|   0|    8|          0|
    |p_ZZN4nnet22compute_pool_buffer_2dINS_5arrayI9ap_ufixedILi8ELi2EL9ap_q_mode4EL9ap_24  |   8|   0|    8|          0|
    |p_ZZN4nnet22compute_pool_buffer_2dINS_5arrayI9ap_ufixedILi8ELi2EL9ap_q_mode4EL9ap_25  |   8|   0|    8|          0|
    |p_ZZN4nnet22compute_pool_buffer_2dINS_5arrayI9ap_ufixedILi8ELi2EL9ap_q_mode4EL9ap_26  |   8|   0|    8|          0|
    |p_ZZN4nnet22compute_pool_buffer_2dINS_5arrayI9ap_ufixedILi8ELi2EL9ap_q_mode4EL9ap_27  |   8|   0|    8|          0|
    |p_ZZN4nnet22compute_pool_buffer_2dINS_5arrayI9ap_ufixedILi8ELi2EL9ap_q_mode4EL9ap_28  |   8|   0|    8|          0|
    |p_ZZN4nnet22compute_pool_buffer_2dINS_5arrayI9ap_ufixedILi8ELi2EL9ap_q_mode4EL9ap_29  |   8|   0|    8|          0|
    |p_ZZN4nnet22compute_pool_buffer_2dINS_5arrayI9ap_ufixedILi8ELi2EL9ap_q_mode4EL9ap_3   |   8|   0|    8|          0|
    |p_ZZN4nnet22compute_pool_buffer_2dINS_5arrayI9ap_ufixedILi8ELi2EL9ap_q_mode4EL9ap_30  |   8|   0|    8|          0|
    |p_ZZN4nnet22compute_pool_buffer_2dINS_5arrayI9ap_ufixedILi8ELi2EL9ap_q_mode4EL9ap_31  |   8|   0|    8|          0|
    |p_ZZN4nnet22compute_pool_buffer_2dINS_5arrayI9ap_ufixedILi8ELi2EL9ap_q_mode4EL9ap_32  |   8|   0|    8|          0|
    |p_ZZN4nnet22compute_pool_buffer_2dINS_5arrayI9ap_ufixedILi8ELi2EL9ap_q_mode4EL9ap_33  |   8|   0|    8|          0|
    |p_ZZN4nnet22compute_pool_buffer_2dINS_5arrayI9ap_ufixedILi8ELi2EL9ap_q_mode4EL9ap_34  |   8|   0|    8|          0|
    |p_ZZN4nnet22compute_pool_buffer_2dINS_5arrayI9ap_ufixedILi8ELi2EL9ap_q_mode4EL9ap_35  |   8|   0|    8|          0|
    |p_ZZN4nnet22compute_pool_buffer_2dINS_5arrayI9ap_ufixedILi8ELi2EL9ap_q_mode4EL9ap_36  |   8|   0|    8|          0|
    |p_ZZN4nnet22compute_pool_buffer_2dINS_5arrayI9ap_ufixedILi8ELi2EL9ap_q_mode4EL9ap_37  |   8|   0|    8|          0|
    |p_ZZN4nnet22compute_pool_buffer_2dINS_5arrayI9ap_ufixedILi8ELi2EL9ap_q_mode4EL9ap_38  |   8|   0|    8|          0|
    |p_ZZN4nnet22compute_pool_buffer_2dINS_5arrayI9ap_ufixedILi8ELi2EL9ap_q_mode4EL9ap_39  |   8|   0|    8|          0|
    |p_ZZN4nnet22compute_pool_buffer_2dINS_5arrayI9ap_ufixedILi8ELi2EL9ap_q_mode4EL9ap_4   |   8|   0|    8|          0|
    |p_ZZN4nnet22compute_pool_buffer_2dINS_5arrayI9ap_ufixedILi8ELi2EL9ap_q_mode4EL9ap_40  |   8|   0|    8|          0|
    |p_ZZN4nnet22compute_pool_buffer_2dINS_5arrayI9ap_ufixedILi8ELi2EL9ap_q_mode4EL9ap_41  |   8|   0|    8|          0|
    |p_ZZN4nnet22compute_pool_buffer_2dINS_5arrayI9ap_ufixedILi8ELi2EL9ap_q_mode4EL9ap_42  |   8|   0|    8|          0|
    |p_ZZN4nnet22compute_pool_buffer_2dINS_5arrayI9ap_ufixedILi8ELi2EL9ap_q_mode4EL9ap_43  |   8|   0|    8|          0|
    |p_ZZN4nnet22compute_pool_buffer_2dINS_5arrayI9ap_ufixedILi8ELi2EL9ap_q_mode4EL9ap_44  |   8|   0|    8|          0|
    |p_ZZN4nnet22compute_pool_buffer_2dINS_5arrayI9ap_ufixedILi8ELi2EL9ap_q_mode4EL9ap_45  |   8|   0|    8|          0|
    |p_ZZN4nnet22compute_pool_buffer_2dINS_5arrayI9ap_ufixedILi8ELi2EL9ap_q_mode4EL9ap_46  |   8|   0|    8|          0|
    |p_ZZN4nnet22compute_pool_buffer_2dINS_5arrayI9ap_ufixedILi8ELi2EL9ap_q_mode4EL9ap_47  |   8|   0|    8|          0|
    |p_ZZN4nnet22compute_pool_buffer_2dINS_5arrayI9ap_ufixedILi8ELi2EL9ap_q_mode4EL9ap_48  |   8|   0|    8|          0|
    |p_ZZN4nnet22compute_pool_buffer_2dINS_5arrayI9ap_ufixedILi8ELi2EL9ap_q_mode4EL9ap_49  |   8|   0|    8|          0|
    |p_ZZN4nnet22compute_pool_buffer_2dINS_5arrayI9ap_ufixedILi8ELi2EL9ap_q_mode4EL9ap_5   |   8|   0|    8|          0|
    |p_ZZN4nnet22compute_pool_buffer_2dINS_5arrayI9ap_ufixedILi8ELi2EL9ap_q_mode4EL9ap_50  |   8|   0|    8|          0|
    |p_ZZN4nnet22compute_pool_buffer_2dINS_5arrayI9ap_ufixedILi8ELi2EL9ap_q_mode4EL9ap_51  |   8|   0|    8|          0|
    |p_ZZN4nnet22compute_pool_buffer_2dINS_5arrayI9ap_ufixedILi8ELi2EL9ap_q_mode4EL9ap_52  |   8|   0|    8|          0|
    |p_ZZN4nnet22compute_pool_buffer_2dINS_5arrayI9ap_ufixedILi8ELi2EL9ap_q_mode4EL9ap_53  |   8|   0|    8|          0|
    |p_ZZN4nnet22compute_pool_buffer_2dINS_5arrayI9ap_ufixedILi8ELi2EL9ap_q_mode4EL9ap_54  |   8|   0|    8|          0|
    |p_ZZN4nnet22compute_pool_buffer_2dINS_5arrayI9ap_ufixedILi8ELi2EL9ap_q_mode4EL9ap_55  |   8|   0|    8|          0|
    |p_ZZN4nnet22compute_pool_buffer_2dINS_5arrayI9ap_ufixedILi8ELi2EL9ap_q_mode4EL9ap_56  |   8|   0|    8|          0|
    |p_ZZN4nnet22compute_pool_buffer_2dINS_5arrayI9ap_ufixedILi8ELi2EL9ap_q_mode4EL9ap_57  |   8|   0|    8|          0|
    |p_ZZN4nnet22compute_pool_buffer_2dINS_5arrayI9ap_ufixedILi8ELi2EL9ap_q_mode4EL9ap_58  |   8|   0|    8|          0|
    |p_ZZN4nnet22compute_pool_buffer_2dINS_5arrayI9ap_ufixedILi8ELi2EL9ap_q_mode4EL9ap_59  |   8|   0|    8|          0|
    |p_ZZN4nnet22compute_pool_buffer_2dINS_5arrayI9ap_ufixedILi8ELi2EL9ap_q_mode4EL9ap_6   |   8|   0|    8|          0|
    |p_ZZN4nnet22compute_pool_buffer_2dINS_5arrayI9ap_ufixedILi8ELi2EL9ap_q_mode4EL9ap_60  |   8|   0|    8|          0|
    |p_ZZN4nnet22compute_pool_buffer_2dINS_5arrayI9ap_ufixedILi8ELi2EL9ap_q_mode4EL9ap_61  |   8|   0|    8|          0|
    |p_ZZN4nnet22compute_pool_buffer_2dINS_5arrayI9ap_ufixedILi8ELi2EL9ap_q_mode4EL9ap_62  |   8|   0|    8|          0|
    |p_ZZN4nnet22compute_pool_buffer_2dINS_5arrayI9ap_ufixedILi8ELi2EL9ap_q_mode4EL9ap_63  |   8|   0|    8|          0|
    |p_ZZN4nnet22compute_pool_buffer_2dINS_5arrayI9ap_ufixedILi8ELi2EL9ap_q_mode4EL9ap_64  |   8|   0|    8|          0|
    |p_ZZN4nnet22compute_pool_buffer_2dINS_5arrayI9ap_ufixedILi8ELi2EL9ap_q_mode4EL9ap_65  |   8|   0|    8|          0|
    |p_ZZN4nnet22compute_pool_buffer_2dINS_5arrayI9ap_ufixedILi8ELi2EL9ap_q_mode4EL9ap_66  |   8|   0|    8|          0|
    |p_ZZN4nnet22compute_pool_buffer_2dINS_5arrayI9ap_ufixedILi8ELi2EL9ap_q_mode4EL9ap_67  |   8|   0|    8|          0|
    |p_ZZN4nnet22compute_pool_buffer_2dINS_5arrayI9ap_ufixedILi8ELi2EL9ap_q_mode4EL9ap_7   |   8|   0|    8|          0|
    |p_ZZN4nnet22compute_pool_buffer_2dINS_5arrayI9ap_ufixedILi8ELi2EL9ap_q_mode4EL9ap_8   |   8|   0|    8|          0|
    |p_ZZN4nnet22compute_pool_buffer_2dINS_5arrayI9ap_ufixedILi8ELi2EL9ap_q_mode4EL9ap_9   |   8|   0|    8|          0|
    |pool_window_V_11_reg_3272                                                             |   8|   0|    8|          0|
    |pool_window_V_15_reg_3258                                                             |   8|   0|    8|          0|
    |pool_window_V_16_reg_3265                                                             |   8|   0|    8|          0|
    |pool_window_V_17_reg_3244                                                             |   8|   0|    8|          0|
    |pool_window_V_18_reg_3251                                                             |   8|   0|    8|          0|
    |pool_window_V_20_reg_3230                                                             |   8|   0|    8|          0|
    |pool_window_V_23_reg_3294                                                             |   8|   0|    8|          0|
    |pool_window_V_27_reg_3287                                                             |   8|   0|    8|          0|
    |pool_window_V_31_reg_3302                                                             |   8|   0|    8|          0|
    |pool_window_V_33_reg_3309                                                             |   8|   0|    8|          0|
    |pool_window_V_36_reg_3317                                                             |   8|   0|    8|          0|
    |pool_window_V_39_reg_3324                                                             |   8|   0|    8|          0|
    |pool_window_V_47_reg_3332                                                             |   8|   0|    8|          0|
    |pool_window_V_51_reg_3339                                                             |   8|   0|    8|          0|
    |pool_window_V_59_reg_3347                                                             |   8|   0|    8|          0|
    |pool_window_V_63_reg_3354                                                             |   8|   0|    8|          0|
    |pool_window_V_7_reg_3279                                                              |   8|   0|    8|          0|
    |pool_window_V_83_reg_3237                                                             |   8|   0|    8|          0|
    |sX                                                                                    |  32|   0|   32|          0|
    |sY                                                                                    |  32|   0|   32|          0|
    |select_ln65_13_reg_3372                                                               |   8|   0|    8|          0|
    |select_ln65_21_reg_3378                                                               |   8|   0|    8|          0|
    |select_ln65_28_reg_3384                                                               |   8|   0|    8|          0|
    |select_ln65_36_reg_3390                                                               |   8|   0|    8|          0|
    |select_ln65_43_reg_3396                                                               |   8|   0|    8|          0|
    |select_ln65_51_reg_3402                                                               |   8|   0|    8|          0|
    |select_ln65_58_reg_3408                                                               |   8|   0|    8|          0|
    |select_ln65_66_reg_3414                                                               |   8|   0|    8|          0|
    |select_ln65_6_reg_3366                                                                |   8|   0|    8|          0|
    |select_ln65_73_reg_3420                                                               |   8|   0|    8|          0|
    |select_ln65_81_reg_3426                                                               |   8|   0|    8|          0|
    |select_ln65_88_reg_3432                                                               |   8|   0|    8|          0|
    |start_once_reg                                                                        |   1|   0|    1|          0|
    |void_compute_pool_buffer_2d_array_const_ap_shift_reg_n_filt_stream_kernel             |   8|   0|    8|          0|
    |void_compute_pool_buffer_2d_array_const_ap_shift_reg_n_filt_stream_kernel_1           |   8|   0|    8|          0|
    |void_compute_pool_buffer_2d_array_const_ap_shift_reg_n_filt_stream_kernel_2           |   8|   0|    8|          0|
    |void_compute_pool_buffer_2d_array_const_ap_shift_reg_n_filt_stream_kernel_3           |   8|   0|    8|          0|
    |icmp_ln55_reg_3208                                                                    |   0|   1|    1|          0|
    +--------------------------------------------------------------------------------------+----+----+-----+-----------+
    |Total                                                                                 |1003|   1| 1004|          0|
    +--------------------------------------------------------------------------------------+----+----+-----+-----------+



================================================================
== Interface
================================================================
* Summary: 
+---------------------------+-----+-----+------------+-------------------------------------------------------------------------+--------------+
|         RTL Ports         | Dir | Bits|  Protocol  |                              Source Object                              |    C Type    |
+---------------------------+-----+-----+------------+-------------------------------------------------------------------------+--------------+
|ap_clk                     |   in|    1|  ap_ctrl_hs|  pooling2d_cl<array<ap_ufixed,6u>,array<ap_fixed<8,2,5,3,0>,6u>,config5>|  return value|
|ap_rst                     |   in|    1|  ap_ctrl_hs|  pooling2d_cl<array<ap_ufixed,6u>,array<ap_fixed<8,2,5,3,0>,6u>,config5>|  return value|
|ap_start                   |   in|    1|  ap_ctrl_hs|  pooling2d_cl<array<ap_ufixed,6u>,array<ap_fixed<8,2,5,3,0>,6u>,config5>|  return value|
|start_full_n               |   in|    1|  ap_ctrl_hs|  pooling2d_cl<array<ap_ufixed,6u>,array<ap_fixed<8,2,5,3,0>,6u>,config5>|  return value|
|ap_done                    |  out|    1|  ap_ctrl_hs|  pooling2d_cl<array<ap_ufixed,6u>,array<ap_fixed<8,2,5,3,0>,6u>,config5>|  return value|
|ap_continue                |   in|    1|  ap_ctrl_hs|  pooling2d_cl<array<ap_ufixed,6u>,array<ap_fixed<8,2,5,3,0>,6u>,config5>|  return value|
|ap_idle                    |  out|    1|  ap_ctrl_hs|  pooling2d_cl<array<ap_ufixed,6u>,array<ap_fixed<8,2,5,3,0>,6u>,config5>|  return value|
|ap_ready                   |  out|    1|  ap_ctrl_hs|  pooling2d_cl<array<ap_ufixed,6u>,array<ap_fixed<8,2,5,3,0>,6u>,config5>|  return value|
|start_out                  |  out|    1|  ap_ctrl_hs|  pooling2d_cl<array<ap_ufixed,6u>,array<ap_fixed<8,2,5,3,0>,6u>,config5>|  return value|
|start_write                |  out|    1|  ap_ctrl_hs|  pooling2d_cl<array<ap_ufixed,6u>,array<ap_fixed<8,2,5,3,0>,6u>,config5>|  return value|
|layer4_out_dout            |   in|   48|     ap_fifo|                                                               layer4_out|       pointer|
|layer4_out_num_data_valid  |   in|   12|     ap_fifo|                                                               layer4_out|       pointer|
|layer4_out_fifo_cap        |   in|   12|     ap_fifo|                                                               layer4_out|       pointer|
|layer4_out_empty_n         |   in|    1|     ap_fifo|                                                               layer4_out|       pointer|
|layer4_out_read            |  out|    1|     ap_fifo|                                                               layer4_out|       pointer|
|layer5_out_din             |  out|   48|     ap_fifo|                                                               layer5_out|       pointer|
|layer5_out_num_data_valid  |   in|    8|     ap_fifo|                                                               layer5_out|       pointer|
|layer5_out_fifo_cap        |   in|    8|     ap_fifo|                                                               layer5_out|       pointer|
|layer5_out_full_n          |   in|    1|     ap_fifo|                                                               layer5_out|       pointer|
|layer5_out_write           |  out|    1|     ap_fifo|                                                               layer5_out|       pointer|
+---------------------------+-----+-----+------------+-------------------------------------------------------------------------+--------------+

